ARM Linker, 5.03 [Build 76] [MDK-ARM Standard]

==============================================================================

Section Cross References

    main.o(.text) refers to lpc17xx_timer.o(.text) for TIM_Init
    main.o(.text) refers to user_uart.o(.text) for Com_Init
    main.o(.text) refers to user_gpio.o(.text) for pinConfig
    main.o(.text) refers to messaging.o(.text) for parseByte
    main.o(.text) refers to messaging_pc.o(.text) for parseByte_PC
    main.o(.text) refers to ac_motordrivermsg.o(.text) for AC_Forward_msg
    main.o(.text) refers to main.o(.data) for TIM_ConfigStruct
    main.o(.text) refers to main.o(.bss) for TIM_MatchConfigStruct
    main.o(.text) refers to lpc17xx_uart.o(.text) for UART_GetIntId
    main.o(.text) refers to messaging.o(.data) for flageMCU_RotaryAlive
    messaging.o(.text) refers to main.o(.text) for parse_Message
    messaging.o(.text) refers to memcpya.o(.text) for __aeabi_memcpy4
    messaging.o(.text) refers to messaging.o(.data) for Message_Status
    messaging.o(.text) refers to messaging.o(.bss) for Message
    pid.o(.text) refers to f2d.o(.text) for __aeabi_f2d
    pid.o(.text) refers to dmul.o(.text) for __aeabi_dmul
    pid.o(.text) refers to dadd.o(.text) for __aeabi_dadd
    pid.o(.text) refers to d2f.o(.text) for __aeabi_d2f
    pid.o(.text) refers to pid.o(.bss) for tempError
    pid.o(.text) refers to pid.o(.data) for y_output
    user_gpio.o(.text) refers to lpc17xx_gpio.o(.text) for GPIO_SetDir
    user_uart.o(.text) refers to lpc17xx_uart.o(.text) for UART_Receive
    user_uart.o(.text) refers to lpc17xx_pinsel.o(.text) for PINSEL_ConfigPin
    user_uart.o(.text) refers to user_uart.o(.bss) for rb
    user_uart.o(.text) refers to user_uart.o(.data) for TxIntStat
    ac_motordrivermsg.o(.text) refers to ac_motordrivermsg.o(.data) for output_crc
    ac_motordrivermsg.o(.text) refers to ac_motordrivermsg.o(.bss) for Send_MSG
    messaging_pc.o(.text) refers to memcpya.o(.text) for __aeabi_memcpy4
    messaging_pc.o(.text) refers to main.o(.text) for parse_Message_PC
    messaging_pc.o(.text) refers to messaging_pc.o(.data) for Message_Status_PC
    messaging_pc.o(.text) refers to messaging_pc.o(.bss) for Message_PC
    serial.o(.text) refers to lpc17xx_pinsel.o(.text) for PINSEL_ConfigPin
    serial.o(.text) refers to lpc17xx_uart.o(.text) for UART_FIFOConfigStructInit
    serial.o(.text) refers to serial.o(.data) for PinCfg
    serial.o(.ARM.exidx) refers to serial.o(.text) for .text
    lpc17xx_clkpwr.o(.text) refers to system_lpc17xx.o(.data) for SystemCoreClock
    lpc17xx_mcpwm.o(.text) refers to lpc17xx_clkpwr.o(.text) for CLKPWR_ConfigPPWR
    lpc17xx_systick.o(.text) refers to ffltui.o(.text) for __aeabi_ui2f
    lpc17xx_systick.o(.text) refers to cfrcmple.o(.text) for __aeabi_cfrcmple
    lpc17xx_systick.o(.text) refers to lpc17xx_libcfg_default.o(.text) for check_failed
    lpc17xx_systick.o(.text) refers to system_lpc17xx.o(.data) for SystemCoreClock
    lpc17xx_timer.o(.text) refers to lpc17xx_clkpwr.o(.text) for CLKPWR_GetPCLK
    lpc17xx_timer.o(.text) refers to uldiv.o(.text) for __aeabi_uldivmod
    lpc17xx_timer.o(.text) refers to lpc17xx_libcfg_default.o(.text) for check_failed
    lpc17xx_uart.o(.text) refers to lpc17xx_clkpwr.o(.text) for CLKPWR_GetPCLK
    lpc17xx_uart.o(.text) refers to uldiv.o(.text) for __aeabi_uldivmod
    lpc17xx_uart.o(.text) refers to lpc17xx_libcfg_default.o(.text) for check_failed
    startup_lpc17xx.o(RESET) refers to startup_lpc17xx.o(STACK) for __initial_sp
    startup_lpc17xx.o(RESET) refers to startup_lpc17xx.o(.text) for Reset_Handler
    startup_lpc17xx.o(RESET) refers to main.o(.text) for TIMER0_IRQHandler
    startup_lpc17xx.o(.text) refers to system_lpc17xx.o(.text) for SystemInit
    startup_lpc17xx.o(.text) refers to entry.o(.ARM.Collect$$$$00000000) for __main
    system_lpc17xx.o(.text) refers to uldiv.o(.text) for __aeabi_uldivmod
    system_lpc17xx.o(.text) refers to system_lpc17xx.o(.data) for SystemCoreClock
    entry.o(.ARM.Collect$$$$00000000) refers (Special) to entry10a.o(.ARM.Collect$$$$0000000D) for __rt_final_cpp
    entry.o(.ARM.Collect$$$$00000000) refers (Special) to entry11a.o(.ARM.Collect$$$$0000000F) for __rt_final_exit
    entry.o(.ARM.Collect$$$$00000000) refers (Special) to entry7b.o(.ARM.Collect$$$$00000008) for _main_clock
    entry.o(.ARM.Collect$$$$00000000) refers (Special) to entry8b.o(.ARM.Collect$$$$0000000A) for _main_cpp_init
    entry.o(.ARM.Collect$$$$00000000) refers (Special) to entry9a.o(.ARM.Collect$$$$0000000B) for _main_init
    entry.o(.ARM.Collect$$$$00000000) refers (Special) to entry5.o(.ARM.Collect$$$$00000004) for _main_scatterload
    entry.o(.ARM.Collect$$$$00000000) refers (Special) to entry2.o(.ARM.Collect$$$$00000001) for _main_stk
    uldiv.o(.text) refers to llushr.o(.text) for __aeabi_llsr
    uldiv.o(.text) refers to llshl.o(.text) for __aeabi_llsl
    dadd.o(.text) refers (Special) to iusefp.o(.text) for __I$use$fp
    dadd.o(.text) refers to llshl.o(.text) for __aeabi_llsl
    dadd.o(.text) refers to llsshr.o(.text) for __aeabi_lasr
    dadd.o(.text) refers to depilogue.o(.text) for _double_epilogue
    dmul.o(.text) refers (Special) to iusefp.o(.text) for __I$use$fp
    dmul.o(.text) refers to depilogue.o(.text) for _double_epilogue
    ffltui.o(.text) refers (Special) to iusefp.o(.text) for __I$use$fp
    ffltui.o(.text) refers to fepilogue.o(.text) for _float_epilogue
    f2d.o(.text) refers (Special) to iusefp.o(.text) for __I$use$fp
    d2f.o(.text) refers (Special) to iusefp.o(.text) for __I$use$fp
    d2f.o(.text) refers to fepilogue.o(.text) for _float_round
    cfrcmple.o(.text) refers (Special) to iusefp.o(.text) for __I$use$fp
    entry2.o(.ARM.Collect$$$$00000001) refers to entry2.o(.ARM.Collect$$$$00002712) for __lit__00000000
    entry2.o(.ARM.Collect$$$$00002712) refers to startup_lpc17xx.o(STACK) for __initial_sp
    entry2.o(__vectab_stack_and_reset_area) refers to startup_lpc17xx.o(STACK) for __initial_sp
    entry2.o(__vectab_stack_and_reset_area) refers to entry.o(.ARM.Collect$$$$00000000) for __main
    entry5.o(.ARM.Collect$$$$00000004) refers to init.o(.text) for __scatterload
    entry9a.o(.ARM.Collect$$$$0000000B) refers to main.o(.text) for main
    entry9b.o(.ARM.Collect$$$$0000000C) refers to main.o(.text) for main
    depilogue.o(.text) refers to llshl.o(.text) for __aeabi_llsl
    depilogue.o(.text) refers to llushr.o(.text) for __aeabi_llsr
    init.o(.text) refers to entry5.o(.ARM.Collect$$$$00000004) for __main_after_scatterload


==============================================================================

Removing Unused input sections from the image.

    Removing main.o(.rev16_text), (4 bytes).
    Removing main.o(.revsh_text), (4 bytes).
    Removing pid.o(.text), (196 bytes).
    Removing pid.o(.bss), (12 bytes).
    Removing pid.o(.data), (8 bytes).
    Removing user_gpio.o(.rev16_text), (4 bytes).
    Removing user_gpio.o(.revsh_text), (4 bytes).
    Removing user_uart.o(.rev16_text), (4 bytes).
    Removing user_uart.o(.revsh_text), (4 bytes).
    Removing serial.o(.rev16_text), (4 bytes).
    Removing serial.o(.revsh_text), (4 bytes).
    Removing serial.o(.text), (728 bytes).
    Removing serial.o(.ARM.exidx), (8 bytes).
    Removing serial.o(.data), (5 bytes).
    Removing lpc17xx_clkpwr.o(.rev16_text), (4 bytes).
    Removing lpc17xx_clkpwr.o(.revsh_text), (4 bytes).
    Removing lpc17xx_exti.o(.rev16_text), (4 bytes).
    Removing lpc17xx_exti.o(.revsh_text), (4 bytes).
    Removing lpc17xx_exti.o(.text), (184 bytes).
    Removing lpc17xx_gpio.o(.rev16_text), (4 bytes).
    Removing lpc17xx_gpio.o(.revsh_text), (4 bytes).
    Removing lpc17xx_mcpwm.o(.rev16_text), (4 bytes).
    Removing lpc17xx_mcpwm.o(.revsh_text), (4 bytes).
    Removing lpc17xx_mcpwm.o(.text), (1056 bytes).
    Removing lpc17xx_nvic.o(.rev16_text), (4 bytes).
    Removing lpc17xx_nvic.o(.revsh_text), (4 bytes).
    Removing lpc17xx_nvic.o(.text), (168 bytes).
    Removing lpc17xx_pinsel.o(.rev16_text), (4 bytes).
    Removing lpc17xx_pinsel.o(.revsh_text), (4 bytes).
    Removing lpc17xx_systick.o(.rev16_text), (4 bytes).
    Removing lpc17xx_systick.o(.revsh_text), (4 bytes).
    Removing lpc17xx_systick.o(.text), (388 bytes).
    Removing lpc17xx_timer.o(.rev16_text), (4 bytes).
    Removing lpc17xx_timer.o(.revsh_text), (4 bytes).
    Removing lpc17xx_uart.o(.rev16_text), (4 bytes).
    Removing lpc17xx_uart.o(.revsh_text), (4 bytes).
    Removing startup_lpc17xx.o(HEAP), (0 bytes).
    Removing system_lpc17xx.o(.rev16_text), (4 bytes).
    Removing system_lpc17xx.o(.revsh_text), (4 bytes).
    Removing dadd.o(.text), (334 bytes).
    Removing dmul.o(.text), (228 bytes).
    Removing ffltui.o(.text), (10 bytes).
    Removing f2d.o(.text), (38 bytes).
    Removing d2f.o(.text), (56 bytes).
    Removing cfrcmple.o(.text), (20 bytes).
    Removing fepilogue.o(.text), (108 bytes).
    Removing depilogue.o(.text), (190 bytes).

47 unused section(s) (total 3849 bytes) removed from the image.

==============================================================================

Image Symbol Table

    Local Symbols

    Symbol Name                              Value     Ov Type        Size  Object(Section)

    RESET                                    0x00000000   Section      204  startup_lpc17xx.o(RESET)
    ../clib/../cmprslib/zerorunl2.c          0x00000000   Number         0  __dczerorl2.o ABSOLUTE
    ../clib/microlib/division.c              0x00000000   Number         0  uldiv.o ABSOLUTE
    ../clib/microlib/init/entry.s            0x00000000   Number         0  entry10a.o ABSOLUTE
    ../clib/microlib/init/entry.s            0x00000000   Number         0  entry9b.o ABSOLUTE
    ../clib/microlib/init/entry.s            0x00000000   Number         0  entry.o ABSOLUTE
    ../clib/microlib/init/entry.s            0x00000000   Number         0  entry9a.o ABSOLUTE
    ../clib/microlib/init/entry.s            0x00000000   Number         0  entry8b.o ABSOLUTE
    ../clib/microlib/init/entry.s            0x00000000   Number         0  entry8a.o ABSOLUTE
    ../clib/microlib/init/entry.s            0x00000000   Number         0  entry7b.o ABSOLUTE
    ../clib/microlib/init/entry.s            0x00000000   Number         0  entry7a.o ABSOLUTE
    ../clib/microlib/init/entry.s            0x00000000   Number         0  entry5.o ABSOLUTE
    ../clib/microlib/init/entry.s            0x00000000   Number         0  entry2.o ABSOLUTE
    ../clib/microlib/init/entry.s            0x00000000   Number         0  entry11b.o ABSOLUTE
    ../clib/microlib/init/entry.s            0x00000000   Number         0  entry11a.o ABSOLUTE
    ../clib/microlib/init/entry.s            0x00000000   Number         0  entry10b.o ABSOLUTE
    ../clib/microlib/longlong.c              0x00000000   Number         0  llsshr.o ABSOLUTE
    ../clib/microlib/longlong.c              0x00000000   Number         0  llushr.o ABSOLUTE
    ../clib/microlib/longlong.c              0x00000000   Number         0  llshl.o ABSOLUTE
    ../clib/microlib/string/memcpy.c         0x00000000   Number         0  memcpya.o ABSOLUTE
    ../clib/microlib/string/memcpy.c         0x00000000   Number         0  memcpyb.o ABSOLUTE
    ../clib/microlib/stubs.s                 0x00000000   Number         0  iusefp.o ABSOLUTE
    ../fplib/microlib/d2f.c                  0x00000000   Number         0  d2f.o ABSOLUTE
    ../fplib/microlib/f2d.c                  0x00000000   Number         0  f2d.o ABSOLUTE
    ../fplib/microlib/fpadd.c                0x00000000   Number         0  dadd.o ABSOLUTE
    ../fplib/microlib/fpepilogue.c           0x00000000   Number         0  depilogue.o ABSOLUTE
    ../fplib/microlib/fpepilogue.c           0x00000000   Number         0  fepilogue.o ABSOLUTE
    ../fplib/microlib/fpflt.c                0x00000000   Number         0  ffltui.o ABSOLUTE
    ../fplib/microlib/fpmul.c                0x00000000   Number         0  dmul.o ABSOLUTE
    ..\Drivers\source\lpc17xx_clkpwr.c       0x00000000   Number         0  lpc17xx_clkpwr.o ABSOLUTE
    ..\Drivers\source\lpc17xx_exti.c         0x00000000   Number         0  lpc17xx_exti.o ABSOLUTE
    ..\Drivers\source\lpc17xx_gpio.c         0x00000000   Number         0  lpc17xx_gpio.o ABSOLUTE
    ..\Drivers\source\lpc17xx_libcfg_default.c 0x00000000   Number         0  lpc17xx_libcfg_default.o ABSOLUTE
    ..\Drivers\source\lpc17xx_mcpwm.c        0x00000000   Number         0  lpc17xx_mcpwm.o ABSOLUTE
    ..\Drivers\source\lpc17xx_nvic.c         0x00000000   Number         0  lpc17xx_nvic.o ABSOLUTE
    ..\Drivers\source\lpc17xx_pinsel.c       0x00000000   Number         0  lpc17xx_pinsel.o ABSOLUTE
    ..\Drivers\source\lpc17xx_systick.c      0x00000000   Number         0  lpc17xx_systick.o ABSOLUTE
    ..\Drivers\source\lpc17xx_timer.c        0x00000000   Number         0  lpc17xx_timer.o ABSOLUTE
    ..\Drivers\source\lpc17xx_uart.c         0x00000000   Number         0  lpc17xx_uart.o ABSOLUTE
    ..\User\AC_MotorDriverMsg.c              0x00000000   Number         0  ac_motordrivermsg.o ABSOLUTE
    ..\User\Messaging.c                      0x00000000   Number         0  messaging.o ABSOLUTE
    ..\User\Messaging_PC.c                   0x00000000   Number         0  messaging_pc.o ABSOLUTE
    ..\User\PID.c                            0x00000000   Number         0  pid.o ABSOLUTE
    ..\User\User_GPIO.c                      0x00000000   Number         0  user_gpio.o ABSOLUTE
    ..\User\User_Uart.c                      0x00000000   Number         0  user_uart.o ABSOLUTE
    ..\User\main.c                           0x00000000   Number         0  main.o ABSOLUTE
    ..\User\serial.cpp                       0x00000000   Number         0  serial.o ABSOLUTE
    ..\\Drivers\\source\\lpc17xx_clkpwr.c    0x00000000   Number         0  lpc17xx_clkpwr.o ABSOLUTE
    ..\\Drivers\\source\\lpc17xx_exti.c      0x00000000   Number         0  lpc17xx_exti.o ABSOLUTE
    ..\\Drivers\\source\\lpc17xx_gpio.c      0x00000000   Number         0  lpc17xx_gpio.o ABSOLUTE
    ..\\Drivers\\source\\lpc17xx_mcpwm.c     0x00000000   Number         0  lpc17xx_mcpwm.o ABSOLUTE
    ..\\Drivers\\source\\lpc17xx_nvic.c      0x00000000   Number         0  lpc17xx_nvic.o ABSOLUTE
    ..\\Drivers\\source\\lpc17xx_pinsel.c    0x00000000   Number         0  lpc17xx_pinsel.o ABSOLUTE
    ..\\Drivers\\source\\lpc17xx_systick.c   0x00000000   Number         0  lpc17xx_systick.o ABSOLUTE
    ..\\Drivers\\source\\lpc17xx_timer.c     0x00000000   Number         0  lpc17xx_timer.o ABSOLUTE
    ..\\Drivers\\source\\lpc17xx_uart.c      0x00000000   Number         0  lpc17xx_uart.o ABSOLUTE
    ..\\User\\User_GPIO.c                    0x00000000   Number         0  user_gpio.o ABSOLUTE
    ..\\User\\User_Uart.c                    0x00000000   Number         0  user_uart.o ABSOLUTE
    ..\\User\\main.c                         0x00000000   Number         0  main.o ABSOLUTE
    ..\\User\\serial.cpp                     0x00000000   Number         0  serial.o ABSOLUTE
    RTE\Device\LPC1768\startup_LPC17xx.s     0x00000000   Number         0  startup_lpc17xx.o ABSOLUTE
    RTE\Device\LPC1768\system_LPC17xx.c      0x00000000   Number         0  system_lpc17xx.o ABSOLUTE
    RTE\\Device\\LPC1768\\system_LPC17xx.c   0x00000000   Number         0  system_lpc17xx.o ABSOLUTE
    cfrcmple.s                               0x00000000   Number         0  cfrcmple.o ABSOLUTE
    dc.s                                     0x00000000   Number         0  dc.o ABSOLUTE
    handlers.s                               0x00000000   Number         0  handlers.o ABSOLUTE
    init.s                                   0x00000000   Number         0  init.o ABSOLUTE
    .ARM.Collect$$$$00000000                 0x000000cc   Section        0  entry.o(.ARM.Collect$$$$00000000)
    .ARM.Collect$$$$00000001                 0x000000cc   Section        4  entry2.o(.ARM.Collect$$$$00000001)
    .ARM.Collect$$$$00000004                 0x000000d0   Section        4  entry5.o(.ARM.Collect$$$$00000004)
    .ARM.Collect$$$$00000008                 0x000000d4   Section        0  entry7b.o(.ARM.Collect$$$$00000008)
    .ARM.Collect$$$$0000000A                 0x000000d4   Section        0  entry8b.o(.ARM.Collect$$$$0000000A)
    .ARM.Collect$$$$0000000B                 0x000000d4   Section        8  entry9a.o(.ARM.Collect$$$$0000000B)
    .ARM.Collect$$$$0000000D                 0x000000dc   Section        0  entry10a.o(.ARM.Collect$$$$0000000D)
    .ARM.Collect$$$$0000000F                 0x000000dc   Section        0  entry11a.o(.ARM.Collect$$$$0000000F)
    .ARM.Collect$$$$00002712                 0x000000dc   Section        4  entry2.o(.ARM.Collect$$$$00002712)
    __lit__00000000                          0x000000dc   Data           4  entry2.o(.ARM.Collect$$$$00002712)
    .text                                    0x000000e0   Section        0  user_gpio.o(.text)
    NVIC_SetPriority                         0x000000e1   Thumb Code    32  user_gpio.o(.text)
    NVIC_EnableIRQ                           0x00000287   Thumb Code    24  user_gpio.o(.text)
    .text                                    0x000002ac   Section        0  lpc17xx_libcfg_default.o(.text)
    .text                                    0x000002b0   Section       36  startup_lpc17xx.o(.text)
    .text                                    0x000002d4   Section        0  memcpya.o(.text)
    i.__scatterload_null                     0x000002f8   Section        2  handlers.o(i.__scatterload_null)
    .ARM.__at_0x02FC                         0x000002fc   Section        4  startup_lpc17xx.o(.ARM.__at_0x02FC)
    .text                                    0x00000300   Section        0  main.o(.text)
    NVIC_SetPriority                         0x00000301   Thumb Code    32  main.o(.text)
    NVIC_EnableIRQ                           0x00000a67   Thumb Code    24  main.o(.text)
    .text                                    0x00000aec   Section        0  messaging.o(.text)
    .text                                    0x00000d8c   Section        0  user_uart.o(.text)
    NVIC_SetPriority                         0x00000d8d   Thumb Code    32  user_uart.o(.text)
    NVIC_EnableIRQ                           0x000013db   Thumb Code    24  user_uart.o(.text)
    .text                                    0x00001400   Section        0  ac_motordrivermsg.o(.text)
    .text                                    0x00001570   Section        0  messaging_pc.o(.text)
    .text                                    0x00001784   Section        0  lpc17xx_clkpwr.o(.text)
    .text                                    0x000018d4   Section        0  lpc17xx_gpio.o(.text)
    GPIO_GetPointer                          0x000018d5   Thumb Code    52  lpc17xx_gpio.o(.text)
    FIO_HalfWordGetPointer                   0x00001909   Thumb Code    52  lpc17xx_gpio.o(.text)
    FIO_ByteGetPointer                       0x0000193d   Thumb Code    52  lpc17xx_gpio.o(.text)
    .text                                    0x00001cf8   Section        0  lpc17xx_pinsel.o(.text)
    set_PinFunc                              0x00001cf9   Thumb Code    60  lpc17xx_pinsel.o(.text)
    set_ResistorMode                         0x00001d35   Thumb Code    62  lpc17xx_pinsel.o(.text)
    set_OpenDrainMode                        0x00001d73   Thumb Code    44  lpc17xx_pinsel.o(.text)
    .text                                    0x00001df8   Section        0  lpc17xx_timer.o(.text)
    getPClock                                0x00001df9   Thumb Code    66  lpc17xx_timer.o(.text)
    converUSecToVal                          0x00001e3b   Thumb Code    50  lpc17xx_timer.o(.text)
    converPtrToTimeNum                       0x00001e6d   Thumb Code    46  lpc17xx_timer.o(.text)
    .text                                    0x00002460   Section        0  lpc17xx_uart.o(.text)
    uart_set_divisors                        0x00002461   Thumb Code   464  lpc17xx_uart.o(.text)
    .text                                    0x000032a8   Section        0  system_lpc17xx.o(.text)
    .text                                    0x000035c0   Section        0  uldiv.o(.text)
    .text                                    0x00003622   Section        0  llshl.o(.text)
    .text                                    0x00003640   Section        0  llushr.o(.text)
    .text                                    0x00003660   Section       36  init.o(.text)
    .text                                    0x00003684   Section        0  __dczerorl2.o(.text)
    i.__scatterload_copy                     0x000036e0   Section       14  handlers.o(i.__scatterload_copy)
    i.__scatterload_zeroinit                 0x000036ee   Section       14  handlers.o(i.__scatterload_zeroinit)
    .data                                    0x10000000   Section      296  main.o(.data)
    .data                                    0x10000128   Section       18  messaging.o(.data)
    .data                                    0x1000013c   Section        8  user_uart.o(.data)
    .data                                    0x10000144   Section       10  ac_motordrivermsg.o(.data)
    .data                                    0x10000150   Section       14  messaging_pc.o(.data)
    .data                                    0x10000160   Section        4  system_lpc17xx.o(.data)
    .bss                                     0x10000164   Section      312  main.o(.bss)
    .bss                                     0x1000029c   Section      752  messaging.o(.bss)
    .bss                                     0x1000058c   Section     2128  user_uart.o(.bss)
    .bss                                     0x10000ddc   Section       10  ac_motordrivermsg.o(.bss)
    .bss                                     0x10000de8   Section      752  messaging_pc.o(.bss)
    STACK                                    0x100010d8   Section      512  startup_lpc17xx.o(STACK)

    Global Symbols

    Symbol Name                              Value     Ov Type        Size  Object(Section)

    BuildAttributes$$THM_ISAv4$P$D$K$B$S$PE$A:L22UL41UL21$X:L11$S22US41US21$IEEE1$IW$USESV6$~STKCKD$USESV7$~SHL$OTIME$ROPI$EBA8$MICROLIB$REQ8$PRES8$EABIv2 0x00000000   Number         0  anon$$obj.o ABSOLUTE
    __ARM_use_no_argv                        0x00000000   Number         0  main.o ABSOLUTE
    __Vectors                                0x00000000   Data           4  startup_lpc17xx.o(RESET)
    __cpp_initialize__aeabi_                  - Undefined Weak Reference
    __cxa_finalize                            - Undefined Weak Reference
    _clock_init                               - Undefined Weak Reference
    _microlib_exit                            - Undefined Weak Reference
    __main                                   0x000000cd   Thumb Code     0  entry.o(.ARM.Collect$$$$00000000)
    _main_stk                                0x000000cd   Thumb Code     0  entry2.o(.ARM.Collect$$$$00000001)
    _main_scatterload                        0x000000d1   Thumb Code     0  entry5.o(.ARM.Collect$$$$00000004)
    __main_after_scatterload                 0x000000d5   Thumb Code     0  entry5.o(.ARM.Collect$$$$00000004)
    _main_clock                              0x000000d5   Thumb Code     0  entry7b.o(.ARM.Collect$$$$00000008)
    _main_cpp_init                           0x000000d5   Thumb Code     0  entry8b.o(.ARM.Collect$$$$0000000A)
    _main_init                               0x000000d5   Thumb Code     0  entry9a.o(.ARM.Collect$$$$0000000B)
    __rt_final_cpp                           0x000000dd   Thumb Code     0  entry10a.o(.ARM.Collect$$$$0000000D)
    __rt_final_exit                          0x000000dd   Thumb Code     0  entry11a.o(.ARM.Collect$$$$0000000F)
    pinConfig                                0x00000101   Thumb Code    24  user_gpio.o(.text)
    pinOn                                    0x00000119   Thumb Code    22  user_gpio.o(.text)
    pinOff                                   0x0000012f   Thumb Code    22  user_gpio.o(.text)
    pinStatus                                0x00000145   Thumb Code    30  user_gpio.o(.text)
    pinToggle                                0x00000163   Thumb Code    46  user_gpio.o(.text)
    pinSet                                   0x00000191   Thumb Code    28  user_gpio.o(.text)
    GPIOINT_Init                             0x000001ad   Thumb Code   178  user_gpio.o(.text)
    GPIO_IntCheck                            0x0000025f   Thumb Code    40  user_gpio.o(.text)
    check_failed                             0x000002ad   Thumb Code     4  lpc17xx_libcfg_default.o(.text)
    Reset_Handler                            0x000002b1   Thumb Code     8  startup_lpc17xx.o(.text)
    NMI_Handler                              0x000002b9   Thumb Code     2  startup_lpc17xx.o(.text)
    HardFault_Handler                        0x000002bb   Thumb Code     2  startup_lpc17xx.o(.text)
    MemManage_Handler                        0x000002bd   Thumb Code     2  startup_lpc17xx.o(.text)
    BusFault_Handler                         0x000002bf   Thumb Code     2  startup_lpc17xx.o(.text)
    UsageFault_Handler                       0x000002c1   Thumb Code     2  startup_lpc17xx.o(.text)
    SVC_Handler                              0x000002c3   Thumb Code     2  startup_lpc17xx.o(.text)
    DebugMon_Handler                         0x000002c5   Thumb Code     2  startup_lpc17xx.o(.text)
    PendSV_Handler                           0x000002c7   Thumb Code     2  startup_lpc17xx.o(.text)
    SysTick_Handler                          0x000002c9   Thumb Code     2  startup_lpc17xx.o(.text)
    ADC_IRQHandler                           0x000002cb   Thumb Code     0  startup_lpc17xx.o(.text)
    BOD_IRQHandler                           0x000002cb   Thumb Code     0  startup_lpc17xx.o(.text)
    CANActivity_IRQHandler                   0x000002cb   Thumb Code     0  startup_lpc17xx.o(.text)
    CAN_IRQHandler                           0x000002cb   Thumb Code     0  startup_lpc17xx.o(.text)
    DMA_IRQHandler                           0x000002cb   Thumb Code     0  startup_lpc17xx.o(.text)
    EINT0_IRQHandler                         0x000002cb   Thumb Code     0  startup_lpc17xx.o(.text)
    EINT1_IRQHandler                         0x000002cb   Thumb Code     0  startup_lpc17xx.o(.text)
    EINT2_IRQHandler                         0x000002cb   Thumb Code     0  startup_lpc17xx.o(.text)
    ENET_IRQHandler                          0x000002cb   Thumb Code     0  startup_lpc17xx.o(.text)
    I2C0_IRQHandler                          0x000002cb   Thumb Code     0  startup_lpc17xx.o(.text)
    I2C1_IRQHandler                          0x000002cb   Thumb Code     0  startup_lpc17xx.o(.text)
    I2C2_IRQHandler                          0x000002cb   Thumb Code     0  startup_lpc17xx.o(.text)
    I2S_IRQHandler                           0x000002cb   Thumb Code     0  startup_lpc17xx.o(.text)
    MCPWM_IRQHandler                         0x000002cb   Thumb Code     0  startup_lpc17xx.o(.text)
    PLL0_IRQHandler                          0x000002cb   Thumb Code     0  startup_lpc17xx.o(.text)
    PLL1_IRQHandler                          0x000002cb   Thumb Code     0  startup_lpc17xx.o(.text)
    PWM1_IRQHandler                          0x000002cb   Thumb Code     0  startup_lpc17xx.o(.text)
    QEI_IRQHandler                           0x000002cb   Thumb Code     0  startup_lpc17xx.o(.text)
    RIT_IRQHandler                           0x000002cb   Thumb Code     0  startup_lpc17xx.o(.text)
    RTC_IRQHandler                           0x000002cb   Thumb Code     0  startup_lpc17xx.o(.text)
    SPI_IRQHandler                           0x000002cb   Thumb Code     0  startup_lpc17xx.o(.text)
    SSP0_IRQHandler                          0x000002cb   Thumb Code     0  startup_lpc17xx.o(.text)
    SSP1_IRQHandler                          0x000002cb   Thumb Code     0  startup_lpc17xx.o(.text)
    TIMER2_IRQHandler                        0x000002cb   Thumb Code     0  startup_lpc17xx.o(.text)
    TIMER3_IRQHandler                        0x000002cb   Thumb Code     0  startup_lpc17xx.o(.text)
    USBActivity_IRQHandler                   0x000002cb   Thumb Code     0  startup_lpc17xx.o(.text)
    USB_IRQHandler                           0x000002cb   Thumb Code     0  startup_lpc17xx.o(.text)
    WDT_IRQHandler                           0x000002cb   Thumb Code     0  startup_lpc17xx.o(.text)
    __aeabi_memcpy                           0x000002d5   Thumb Code    36  memcpya.o(.text)
    __aeabi_memcpy4                          0x000002d5   Thumb Code     0  memcpya.o(.text)
    __aeabi_memcpy8                          0x000002d5   Thumb Code     0  memcpya.o(.text)
    __scatterload_null                       0x000002f9   Thumb Code     2  handlers.o(i.__scatterload_null)
    Init_Timer1                              0x00000321   Thumb Code    74  main.o(.text)
    Init_Timer0                              0x0000036b   Thumb Code    72  main.o(.text)
    Serials_Init                             0x000003b3   Thumb Code    70  main.o(.text)
    Encoder_Initialling                      0x000003f9   Thumb Code    28  main.o(.text)
    IO_Initialling                           0x00000415   Thumb Code   118  main.o(.text)
    main                                     0x0000048b   Thumb Code   276  main.o(.text)
    parse_Message                            0x0000059f   Thumb Code   190  main.o(.text)
    parse_Message_PC                         0x0000065d   Thumb Code   412  main.o(.text)
    TIMER0_IRQHandler                        0x000007f9   Thumb Code   154  main.o(.text)
    TIMER1_IRQHandler                        0x00000893   Thumb Code   166  main.o(.text)
    UART2_IRQHandler                         0x00000939   Thumb Code    74  main.o(.text)
    UART1_IRQHandler                         0x00000983   Thumb Code    74  main.o(.text)
    UART0_IRQHandler                         0x000009cd   Thumb Code    62  main.o(.text)
    UART3_IRQHandler                         0x00000a0b   Thumb Code    62  main.o(.text)
    EINT3_IRQHandler                         0x00000a49   Thumb Code    30  main.o(.text)
    parseByte_                               0x00000aed   Thumb Code   164  messaging.o(.text)
    parseByte                                0x00000b91   Thumb Code   222  messaging.o(.text)
    gen_crc16                                0x00000c6f   Thumb Code   128  messaging.o(.text)
    Make_Trans_Msg                           0x00000cef   Thumb Code   112  messaging.o(.text)
    UARTNumExtract                           0x00000dad   Thumb Code    46  user_uart.o(.text)
    UART_IntReceive                          0x00000ddb   Thumb Code   178  user_uart.o(.text)
    UART_IntTransmit                         0x00000e8d   Thumb Code   240  user_uart.o(.text)
    UART_IntErr                              0x00000f7d   Thumb Code     2  user_uart.o(.text)
    UART_ConfigStruct                        0x00000f7f   Thumb Code    14  user_uart.o(.text)
    Com_Init                                 0x00000f8d   Thumb Code   454  user_uart.o(.text)
    UARTSend                                 0x00001153   Thumb Code   226  user_uart.o(.text)
    UARTSend_AC                              0x00001235   Thumb Code   194  user_uart.o(.text)
    UARTReceive                              0x000012f7   Thumb Code   178  user_uart.o(.text)
    Send_uint_AC                             0x000013a9   Thumb Code    50  user_uart.o(.text)
    Calculate_CRC                            0x00001401   Thumb Code    74  ac_motordrivermsg.o(.text)
    make_AC_Msg                              0x0000144b   Thumb Code   112  ac_motordrivermsg.o(.text)
    AC_Stop_msg                              0x000014bb   Thumb Code    22  ac_motordrivermsg.o(.text)
    AC_Forward_msg                           0x000014d1   Thumb Code    24  ac_motordrivermsg.o(.text)
    AC_Reverse_msg                           0x000014e9   Thumb Code    24  ac_motordrivermsg.o(.text)
    AC_Freq_msg                              0x00001501   Thumb Code    46  ac_motordrivermsg.o(.text)
    AC_Accel_msg                             0x0000152f   Thumb Code    26  ac_motordrivermsg.o(.text)
    AC_Decel_msg                             0x00001549   Thumb Code    26  ac_motordrivermsg.o(.text)
    gen_crc16_PC2Rot                         0x00001571   Thumb Code   128  messaging_pc.o(.text)
    parseByte_PC                             0x000015f1   Thumb Code   256  messaging_pc.o(.text)
    Make_Trans_Msg_PC2Rot                    0x000016f1   Thumb Code   112  messaging_pc.o(.text)
    CLKPWR_SetPCLKDiv                        0x00001785   Thumb Code   106  lpc17xx_clkpwr.o(.text)
    CLKPWR_GetPCLKSEL                        0x000017ef   Thumb Code    32  lpc17xx_clkpwr.o(.text)
    CLKPWR_GetPCLK                           0x0000180f   Thumb Code    58  lpc17xx_clkpwr.o(.text)
    CLKPWR_ConfigPPWR                        0x00001849   Thumb Code    50  lpc17xx_clkpwr.o(.text)
    CLKPWR_Sleep                             0x0000187b   Thumb Code    10  lpc17xx_clkpwr.o(.text)
    CLKPWR_DeepSleep                         0x00001885   Thumb Code    16  lpc17xx_clkpwr.o(.text)
    CLKPWR_PowerDown                         0x00001895   Thumb Code    16  lpc17xx_clkpwr.o(.text)
    CLKPWR_DeepPowerDown                     0x000018a5   Thumb Code    16  lpc17xx_clkpwr.o(.text)
    GPIO_SetDir                              0x00001971   Thumb Code    40  lpc17xx_gpio.o(.text)
    GPIO_SetValue                            0x00001999   Thumb Code    20  lpc17xx_gpio.o(.text)
    GPIO_ClearValue                          0x000019ad   Thumb Code    20  lpc17xx_gpio.o(.text)
    GPIO_ReadValue                           0x000019c1   Thumb Code    22  lpc17xx_gpio.o(.text)
    GPIO_IntCmd                              0x000019d7   Thumb Code    54  lpc17xx_gpio.o(.text)
    GPIO_GetIntStatus                        0x00001a0d   Thumb Code    86  lpc17xx_gpio.o(.text)
    GPIO_ClearInt                            0x00001a63   Thumb Code    24  lpc17xx_gpio.o(.text)
    FIO_SetDir                               0x00001a7b   Thumb Code    20  lpc17xx_gpio.o(.text)
    FIO_SetValue                             0x00001a8f   Thumb Code    16  lpc17xx_gpio.o(.text)
    FIO_ClearValue                           0x00001a9f   Thumb Code    16  lpc17xx_gpio.o(.text)
    FIO_ReadValue                            0x00001aaf   Thumb Code    12  lpc17xx_gpio.o(.text)
    FIO_IntCmd                               0x00001abb   Thumb Code    20  lpc17xx_gpio.o(.text)
    FIO_GetIntStatus                         0x00001acf   Thumb Code    20  lpc17xx_gpio.o(.text)
    FIO_ClearInt                             0x00001ae3   Thumb Code    16  lpc17xx_gpio.o(.text)
    FIO_SetMask                              0x00001af3   Thumb Code    40  lpc17xx_gpio.o(.text)
    FIO_HalfWordSetDir                       0x00001b1b   Thumb Code    62  lpc17xx_gpio.o(.text)
    FIO_HalfWordSetMask                      0x00001b59   Thumb Code    62  lpc17xx_gpio.o(.text)
    FIO_HalfWordSetValue                     0x00001b97   Thumb Code    32  lpc17xx_gpio.o(.text)
    FIO_HalfWordClearValue                   0x00001bb7   Thumb Code    32  lpc17xx_gpio.o(.text)
    FIO_HalfWordReadValue                    0x00001bd7   Thumb Code    30  lpc17xx_gpio.o(.text)
    FIO_ByteSetDir                           0x00001bf5   Thumb Code    50  lpc17xx_gpio.o(.text)
    FIO_ByteSetMask                          0x00001c27   Thumb Code    66  lpc17xx_gpio.o(.text)
    FIO_ByteSetValue                         0x00001c69   Thumb Code    34  lpc17xx_gpio.o(.text)
    FIO_ByteClearValue                       0x00001c8b   Thumb Code    34  lpc17xx_gpio.o(.text)
    FIO_ByteReadValue                        0x00001cad   Thumb Code    76  lpc17xx_gpio.o(.text)
    PINSEL_ConfigTraceFunc                   0x00001d9f   Thumb Code    34  lpc17xx_pinsel.o(.text)
    PINSEL_SetI2C0Pins                       0x00001dc1   Thumb Code    16  lpc17xx_pinsel.o(.text)
    PINSEL_ConfigPin                         0x00001dd1   Thumb Code    36  lpc17xx_pinsel.o(.text)
    TIM_GetIntStatus                         0x00001e9b   Thumb Code    92  lpc17xx_timer.o(.text)
    TIM_GetIntCaptureStatus                  0x00001ef7   Thumb Code    94  lpc17xx_timer.o(.text)
    TIM_ClearIntPending                      0x00001f55   Thumb Code    80  lpc17xx_timer.o(.text)
    TIM_ClearIntCapturePending               0x00001fa5   Thumb Code    82  lpc17xx_timer.o(.text)
    TIM_ConfigStructInit                     0x00001ff7   Thumb Code    22  lpc17xx_timer.o(.text)
    TIM_Init                                 0x0000200d   Thumb Code   272  lpc17xx_timer.o(.text)
    TIM_DeInit                               0x0000211d   Thumb Code   112  lpc17xx_timer.o(.text)
    TIM_Cmd                                  0x0000218d   Thumb Code    66  lpc17xx_timer.o(.text)
    TIM_ResetCounter                         0x000021cf   Thumb Code    58  lpc17xx_timer.o(.text)
    TIM_ConfigMatch                          0x00002209   Thumb Code   302  lpc17xx_timer.o(.text)
    TIM_UpdateMatchValue                     0x00002337   Thumb Code    86  lpc17xx_timer.o(.text)
    TIM_ConfigCapture                        0x0000238d   Thumb Code   126  lpc17xx_timer.o(.text)
    TIM_GetCaptureValue                      0x0000240b   Thumb Code    74  lpc17xx_timer.o(.text)
    UART_Init                                0x00002631   Thumb Code   482  lpc17xx_uart.o(.text)
    UART_TxCmd                               0x00002813   Thumb Code   182  lpc17xx_uart.o(.text)
    UART_DeInit                              0x000028c9   Thumb Code   112  lpc17xx_uart.o(.text)
    UART_ConfigStructInit                    0x00002939   Thumb Code    18  lpc17xx_uart.o(.text)
    UART_SendByte                            0x0000294b   Thumb Code    58  lpc17xx_uart.o(.text)
    UART_ReceiveByte                         0x00002985   Thumb Code    56  lpc17xx_uart.o(.text)
    UART_Send                                0x000029bd   Thumb Code   150  lpc17xx_uart.o(.text)
    UART_Receive                             0x00002a53   Thumb Code   122  lpc17xx_uart.o(.text)
    UART_ForceBreak                          0x00002acd   Thumb Code    68  lpc17xx_uart.o(.text)
    UART_IntConfig                           0x00002b11   Thumb Code   260  lpc17xx_uart.o(.text)
    UART_GetLineStatus                       0x00002c15   Thumb Code    56  lpc17xx_uart.o(.text)
    UART_GetIntId                            0x00002c4d   Thumb Code    52  lpc17xx_uart.o(.text)
    UART_CheckBusy                           0x00002c81   Thumb Code    36  lpc17xx_uart.o(.text)
    UART_FIFOConfig                          0x00002ca5   Thumb Code   254  lpc17xx_uart.o(.text)
    UART_FIFOConfigStructInit                0x00002da3   Thumb Code    14  lpc17xx_uart.o(.text)
    UART_ABCmd                               0x00002db1   Thumb Code   192  lpc17xx_uart.o(.text)
    UART_ABClearIntPending                   0x00002e71   Thumb Code    66  lpc17xx_uart.o(.text)
    UART_IrDAInvtInputCmd                    0x00002eb3   Thumb Code    80  lpc17xx_uart.o(.text)
    UART_IrDACmd                             0x00002f03   Thumb Code    78  lpc17xx_uart.o(.text)
    UART_IrDAPulseDivConfig                  0x00002f51   Thumb Code   102  lpc17xx_uart.o(.text)
    UART_FullModemForcePinState              0x00002fb7   Thumb Code   118  lpc17xx_uart.o(.text)
    UART_FullModemConfigMode                 0x0000302d   Thumb Code   146  lpc17xx_uart.o(.text)
    UART_FullModemGetStatus                  0x000030bf   Thumb Code    28  lpc17xx_uart.o(.text)
    UART_RS485Config                         0x000030db   Thumb Code   300  lpc17xx_uart.o(.text)
    UART_RS485ReceiverCmd                    0x00003207   Thumb Code    32  lpc17xx_uart.o(.text)
    UART_RS485Send                           0x00003227   Thumb Code    84  lpc17xx_uart.o(.text)
    UART_RS485SendSlvAddr                    0x0000327b   Thumb Code    18  lpc17xx_uart.o(.text)
    UART_RS485SendData                       0x0000328d   Thumb Code    22  lpc17xx_uart.o(.text)
    SystemCoreClockUpdate                    0x000032a9   Thumb Code   424  system_lpc17xx.o(.text)
    SystemInit                               0x00003451   Thumb Code   290  system_lpc17xx.o(.text)
    __aeabi_uldivmod                         0x000035c1   Thumb Code    98  uldiv.o(.text)
    __aeabi_llsl                             0x00003623   Thumb Code    30  llshl.o(.text)
    _ll_shift_l                              0x00003623   Thumb Code     0  llshl.o(.text)
    __aeabi_llsr                             0x00003641   Thumb Code    32  llushr.o(.text)
    _ll_ushift_r                             0x00003641   Thumb Code     0  llushr.o(.text)
    __scatterload                            0x00003661   Thumb Code    28  init.o(.text)
    __scatterload_rt2                        0x00003661   Thumb Code     0  init.o(.text)
    __decompress                             0x00003685   Thumb Code     0  __dczerorl2.o(.text)
    __decompress1                            0x00003685   Thumb Code    92  __dczerorl2.o(.text)
    __scatterload_copy                       0x000036e1   Thumb Code    14  handlers.o(i.__scatterload_copy)
    __scatterload_zeroinit                   0x000036ef   Thumb Code    14  handlers.o(i.__scatterload_zeroinit)
    Region$$Table$$Base                      0x000036fc   Number         0  anon$$obj.o(Region$$Table)
    Region$$Table$$Limit                     0x0000371c   Number         0  anon$$obj.o(Region$$Table)
    timer0_flag                              0x10000000   Data           1  main.o(.data)
    timer1_flag                              0x10000001   Data           1  main.o(.data)
    LEDStatus                                0x10000002   Data           1  main.o(.data)
    Button_1                                 0x10000004   Data          12  main.o(.data)
    Button_2                                 0x10000010   Data          12  main.o(.data)
    Button_3                                 0x1000001c   Data          12  main.o(.data)
    Button_4                                 0x10000028   Data          12  main.o(.data)
    LED_1                                    0x10000034   Data          12  main.o(.data)
    LED_2                                    0x10000040   Data          12  main.o(.data)
    LED_3_rcvRF                              0x1000004c   Data          12  main.o(.data)
    LED_4_trs2PC                             0x10000058   Data          12  main.o(.data)
    LED_5                                    0x10000064   Data          12  main.o(.data)
    LED_6                                    0x10000070   Data          12  main.o(.data)
    LED_7                                    0x1000007c   Data          12  main.o(.data)
    LED_8                                    0x10000088   Data          12  main.o(.data)
    encoderData                              0x10000094   Data          12  main.o(.data)
    encoderClock                             0x100000a0   Data          12  main.o(.data)
    proxyPin                                 0x100000ac   Data          12  main.o(.data)
    aliveConnectionFlg                       0x100000b8   Data           1  main.o(.data)
    Cnt_timer0                               0x100000bc   Data           4  main.o(.data)
    Cnt_timer1                               0x100000c0   Data           4  main.o(.data)
    Cnt                                      0x100000c4   Data           4  main.o(.data)
    ReadDataFlg                              0x100000c8   Data           1  main.o(.data)
    Degree                                   0x100000ca   Data           2  main.o(.data)
    Rev                                      0x100000cc   Data           2  main.o(.data)
    Encoder_Data                             0x100000d0   Data           4  main.o(.data)
    tempCnt                                  0x100000d4   Data           4  main.o(.data)
    nn                                       0x100000d8   Data           2  main.o(.data)
    mn                                       0x100000da   Data           8  main.o(.data)
    maxBuff                                  0x100000e4   Data           4  main.o(.data)
    rcvLen                                   0x100000e8   Data           4  main.o(.data)
    cntBuffLen                               0x100000ec   Data           4  main.o(.data)
    msgv                                     0x100000f0   Data           2  main.o(.data)
    oneSendInTwo                             0x100000f4   Data           4  main.o(.data)
    cntTimer_1                               0x100000f8   Data           4  main.o(.data)
    CntTimer1_LED                            0x100000fc   Data           4  main.o(.data)
    flageLED                                 0x10000100   Data           1  main.o(.data)
    kkTest                                   0x10000101   Data           1  main.o(.data)
    ind                                      0x10000104   Data           4  main.o(.data)
    TIM_ConfigStruct                         0x10000108   Data           8  main.o(.data)
    proxyStateFlag                           0x10000110   Data           1  main.o(.data)
    motorStartFlag                           0x10000111   Data           1  main.o(.data)
    motorStateFlag                           0x10000112   Data           1  main.o(.data)
    er_status                                0x10000113   Data           1  main.o(.data)
    u8to16                                   0x10000114   Data           2  main.o(.data)
    RefDegree                                0x10000116   Data           2  main.o(.data)
    RefRev                                   0x10000118   Data           2  main.o(.data)
    temp                                     0x1000011a   Data           5  main.o(.data)
    PC_Sent_Interval_cnt                     0x10000120   Data           4  main.o(.data)
    AC_ID                                    0x10000124   Data           1  main.o(.data)
    u16_temp                                 0x10000126   Data           2  main.o(.data)
    _syncArrayTemp                           0x10000128   Data           2  messaging.o(.data)
    flageMCU_RotaryAlive                     0x1000012a   Data           1  messaging.o(.data)
    CntMCU_RotaryAlive                       0x1000012b   Data           1  messaging.o(.data)
    Receive_Check_Sum                        0x1000012c   Data           1  messaging.o(.data)
    Message_Index                            0x10000130   Data           4  messaging.o(.data)
    Transmit_Check_Sum                       0x10000134   Data           1  messaging.o(.data)
    Message_Status                           0x10000135   Data           1  messaging.o(.data)
    Message_ID                               0x10000136   Data           1  messaging.o(.data)
    Message_Length                           0x10000137   Data           1  messaging.o(.data)
    u8_16                                    0x10000138   Data           2  messaging.o(.data)
    systickcnt                               0x1000013c   Data           4  user_uart.o(.data)
    TxIntStat                                0x10000140   Data           4  user_uart.o(.data)
    output_crc                               0x10000144   Data           4  ac_motordrivermsg.o(.data)
    input_crc                                0x10000148   Data           6  ac_motordrivermsg.o(.data)
    cntCRC                                   0x10000150   Data           1  messaging_pc.o(.data)
    Message_Index_PC                         0x10000154   Data           4  messaging_pc.o(.data)
    Message_ID_PC                            0x10000158   Data           1  messaging_pc.o(.data)
    Message_Length_PC                        0x10000159   Data           1  messaging_pc.o(.data)
    Message_Status_PC                        0x1000015a   Data           1  messaging_pc.o(.data)
    u8_16_PC                                 0x1000015c   Data           2  messaging_pc.o(.data)
    SystemCoreClock                          0x10000160   Data           4  system_lpc17xx.o(.data)
    TIM_MatchConfigStruct                    0x10000164   Data          12  main.o(.bss)
    myData                                   0x10000170   Data         100  main.o(.bss)
    dataBuf                                  0x100001d4   Data         200  main.o(.bss)
    Message                                  0x1000029c   Data         252  messaging.o(.bss)
    _msg                                     0x10000398   Data         250  messaging.o(.bss)
    _msg_trans                               0x10000492   Data         250  messaging.o(.bss)
    rb                                       0x1000058c   Data        2128  user_uart.o(.bss)
    Send_MSG                                 0x10000ddc   Data          10  ac_motordrivermsg.o(.bss)
    Message_PC                               0x10000de8   Data         252  messaging_pc.o(.bss)
    _msg_PC                                  0x10000ee4   Data         250  messaging_pc.o(.bss)
    _msg_trans_PC                            0x10000fde   Data         250  messaging_pc.o(.bss)
    __initial_sp                             0x100012d8   Data           0  startup_lpc17xx.o(STACK)



==============================================================================

Memory Map of the image

  Image Entry point : 0x000000cd

  Load Region LR_IROM1 (Base: 0x00000000, Size: 0x00003880, Max: 0x00080000, ABSOLUTE, COMPRESSED[0x0000375c])

    Execution Region ER_IROM1 (Base: 0x00000000, Size: 0x0000371c, Max: 0x00080000, ABSOLUTE)

    Base Addr    Size         Type   Attr      Idx    E Section Name        Object

    0x00000000   0x000000cc   Data   RO          515    RESET               startup_lpc17xx.o
    0x000000cc   0x00000000   Code   RO          549  * .ARM.Collect$$$$00000000  mc_w.l(entry.o)
    0x000000cc   0x00000004   Code   RO          570    .ARM.Collect$$$$00000001  mc_w.l(entry2.o)
    0x000000d0   0x00000004   Code   RO          573    .ARM.Collect$$$$00000004  mc_w.l(entry5.o)
    0x000000d4   0x00000000   Code   RO          575    .ARM.Collect$$$$00000008  mc_w.l(entry7b.o)
    0x000000d4   0x00000000   Code   RO          577    .ARM.Collect$$$$0000000A  mc_w.l(entry8b.o)
    0x000000d4   0x00000008   Code   RO          578    .ARM.Collect$$$$0000000B  mc_w.l(entry9a.o)
    0x000000dc   0x00000000   Code   RO          580    .ARM.Collect$$$$0000000D  mc_w.l(entry10a.o)
    0x000000dc   0x00000000   Code   RO          582    .ARM.Collect$$$$0000000F  mc_w.l(entry11a.o)
    0x000000dc   0x00000004   Code   RO          571    .ARM.Collect$$$$00002712  mc_w.l(entry2.o)
    0x000000e0   0x000001cc   Code   RO          134    .text               user_gpio.o
    0x000002ac   0x00000004   Code   RO          501    .text               lpc17xx_libcfg_default.o
    0x000002b0   0x00000024   Code   RO          517    .text               startup_lpc17xx.o
    0x000002d4   0x00000024   Code   RO          554    .text               mc_w.l(memcpya.o)
    0x000002f8   0x00000002   Code   RO          600    i.__scatterload_null  mc_w.l(handlers.o)
    0x000002fa   0x00000002   PAD
    0x000002fc   0x00000004   Code   RO          516    .ARM.__at_0x02FC    startup_lpc17xx.o
    0x00000300   0x000007ec   Code   RO            3    .text               main.o
    0x00000aec   0x000002a0   Code   RO           93    .text               messaging.o
    0x00000d8c   0x00000674   Code   RO          158    .text               user_uart.o
    0x00001400   0x00000170   Code   RO          193    .text               ac_motordrivermsg.o
    0x00001570   0x00000214   Code   RO          209    .text               messaging_pc.o
    0x00001784   0x00000150   Code   RO          304    .text               lpc17xx_clkpwr.o
    0x000018d4   0x00000424   Code   RO          354    .text               lpc17xx_gpio.o
    0x00001cf8   0x00000100   Code   RO          420    .text               lpc17xx_pinsel.o
    0x00001df8   0x00000668   Code   RO          463    .text               lpc17xx_timer.o
    0x00002460   0x00000e48   Code   RO          483    .text               lpc17xx_uart.o
    0x000032a8   0x00000318   Code   RO          525    .text               system_lpc17xx.o
    0x000035c0   0x00000062   Code   RO          552    .text               mc_w.l(uldiv.o)
    0x00003622   0x0000001e   Code   RO          584    .text               mc_w.l(llshl.o)
    0x00003640   0x00000020   Code   RO          586    .text               mc_w.l(llushr.o)
    0x00003660   0x00000024   Code   RO          595    .text               mc_w.l(init.o)
    0x00003684   0x0000005c   Code   RO          605    .text               mc_w.l(__dczerorl2.o)
    0x000036e0   0x0000000e   Code   RO          599    i.__scatterload_copy  mc_w.l(handlers.o)
    0x000036ee   0x0000000e   Code   RO          601    i.__scatterload_zeroinit  mc_w.l(handlers.o)
    0x000036fc   0x00000020   Data   RO          597    Region$$Table       anon$$obj.o


    Execution Region RW_IRAM1 (Base: 0x10000000, Size: 0x000012d8, Max: 0x00008000, ABSOLUTE, COMPRESSED[0x00000040])

    Base Addr    Size         Type   Attr      Idx    E Section Name        Object

    0x10000000   0x00000128   Data   RW            5    .data               main.o
    0x10000128   0x00000012   Data   RW           95    .data               messaging.o
    0x1000013a   0x00000002   PAD
    0x1000013c   0x00000008   Data   RW          160    .data               user_uart.o
    0x10000144   0x0000000a   Data   RW          195    .data               ac_motordrivermsg.o
    0x1000014e   0x00000002   PAD
    0x10000150   0x0000000e   Data   RW          211    .data               messaging_pc.o
    0x1000015e   0x00000002   PAD
    0x10000160   0x00000004   Data   RW          526    .data               system_lpc17xx.o
    0x10000164   0x00000138   Zero   RW            4    .bss                main.o
    0x1000029c   0x000002f0   Zero   RW           94    .bss                messaging.o
    0x1000058c   0x00000850   Zero   RW          159    .bss                user_uart.o
    0x10000ddc   0x0000000a   Zero   RW          194    .bss                ac_motordrivermsg.o
    0x10000de6   0x00000002   PAD
    0x10000de8   0x000002f0   Zero   RW          210    .bss                messaging_pc.o
    0x100010d8   0x00000200   Zero   RW          513    STACK               startup_lpc17xx.o


==============================================================================

Image component sizes


      Code (inc. data)   RO Data    RW Data    ZI Data      Debug   Object Name

       368         14          0         10         10       2672   ac_motordrivermsg.o
       336         32          0          0          0       1779   lpc17xx_clkpwr.o
      1060         62          0          0          0       8279   lpc17xx_gpio.o
         4          0          0          0          0        795   lpc17xx_libcfg_default.o
       256          4          0          0          0       2165   lpc17xx_pinsel.o
      1640         66          0          0          0       5247   lpc17xx_timer.o
      3656        104          0          0          0      10337   lpc17xx_uart.o
      2028        284          0        296        312      73348   main.o
       672         52          0         18        752       4280   messaging.o
       532         42          0         14        752       3957   messaging_pc.o
        40         12        204          0        512        988   startup_lpc17xx.o
       792         78          0          4          0       1089   system_lpc17xx.o
       460         14          0          0          0      26490   user_gpio.o
      1652         46          0          8       2128      28629   user_uart.o

    ----------------------------------------------------------------------
     13496        810        236        356       4468     170055   Object Totals
         0          0         32          0          0          0   (incl. Generated)
         0          0          0          6          2          0   (incl. Padding)

    ----------------------------------------------------------------------

      Code (inc. data)   RO Data    RW Data    ZI Data      Debug   Library Member Name

        92          0          0          0          0          0   __dczerorl2.o
         0          0          0          0          0          0   entry.o
         0          0          0          0          0          0   entry10a.o
         0          0          0          0          0          0   entry11a.o
         8          4          0          0          0          0   entry2.o
         4          0          0          0          0          0   entry5.o
         0          0          0          0          0          0   entry7b.o
         0          0          0          0          0          0   entry8b.o
         8          4          0          0          0          0   entry9a.o
        30          0          0          0          0          0   handlers.o
        36          8          0          0          0         68   init.o
        30          0          0          0          0         68   llshl.o
        32          0          0          0          0         68   llushr.o
        36          0          0          0          0         68   memcpya.o
        98          0          0          0          0         92   uldiv.o

    ----------------------------------------------------------------------
       376         16          0          0          0        364   Library Totals
         2          0          0          0          0          0   (incl. Padding)

    ----------------------------------------------------------------------

      Code (inc. data)   RO Data    RW Data    ZI Data      Debug   Library Name

       374         16          0          0          0        364   mc_w.l

    ----------------------------------------------------------------------
       376         16          0          0          0        364   Library Totals

    ----------------------------------------------------------------------

==============================================================================


      Code (inc. data)   RO Data    RW Data    ZI Data      Debug   

     13872        826        236        356       4468     169275   Grand Totals
     13872        826        236         64       4468     169275   ELF Image Totals (compressed)
     13872        826        236         64          0          0   ROM Totals

==============================================================================

    Total RO  Size (Code + RO Data)                14108 (  13.78kB)
    Total RW  Size (RW Data + ZI Data)              4824 (   4.71kB)
    Total ROM Size (Code + RO Data + RW Data)      14172 (  13.84kB)

==============================================================================

