ARM Linker, 5.03 [Build 76] [MDK-ARM Standard]

==============================================================================

Section Cross References

    main.o(.text) refers to messaging.o(.text) for Make_Trans_Msg
    main.o(.text) refers to user_uart.o(.text) for UARTSend
    main.o(.text) refers to user_gpio.o(.text) for pinOff
    main.o(.text) refers to lpc17xx_timer.o(.text) for TIM_Init
    main.o(.text) refers to messaging_pc.o(.text) for parseByte_PC
    main.o(.text) refers to ac_motordrivermsg.o(.text) for AC_Forward_msg
    main.o(.text) refers to main.o(.data) for ReadDataFlg
    main.o(.text) refers to main.o(.bss) for TIM_MatchConfigStruct
    main.o(.text) refers to messaging.o(.data) for flageMCU_RotaryAlive
    main.o(.text) refers to lpc17xx_uart.o(.text) for UART_GetIntId
    messaging.o(.text) refers to main.o(.text) for parse_Message
    messaging.o(.text) refers to rt_memcpy_w.o(.text) for __aeabi_memcpy4
    messaging.o(.text) refers to messaging.o(.data) for Message_Status
    messaging.o(.text) refers to messaging.o(.bss) for Message
    pid.o(.text) refers to f2d.o(x$fpl$f2d) for __aeabi_f2d
    pid.o(.text) refers to dmul.o(x$fpl$dmul) for __aeabi_dmul
    pid.o(.text) refers to daddsub_clz.o(x$fpl$dadd) for __aeabi_dadd
    pid.o(.text) refers to d2f.o(x$fpl$d2f) for __aeabi_d2f
    pid.o(.text) refers to pid.o(.bss) for tempError
    pid.o(.text) refers to pid.o(.data) for y_output
    user_gpio.o(.text) refers to lpc17xx_gpio.o(.text) for GPIO_SetDir
    user_uart.o(.text) refers to lpc17xx_uart.o(.text) for UART_Receive
    user_uart.o(.text) refers to lpc17xx_pinsel.o(.text) for PINSEL_ConfigPin
    user_uart.o(.text) refers to user_uart.o(.bss) for rb
    user_uart.o(.text) refers to user_uart.o(.data) for TxIntStat
    ac_motordrivermsg.o(.text) refers to ac_motordrivermsg.o(.data) for output_crc
    ac_motordrivermsg.o(.text) refers to ac_motordrivermsg.o(.bss) for Send_MSG
    messaging_pc.o(.text) refers to rt_memcpy_w.o(.text) for __aeabi_memcpy4
    messaging_pc.o(.text) refers to main.o(.text) for parse_Message_PC
    messaging_pc.o(.text) refers to messaging_pc.o(.data) for Message_Status_PC
    messaging_pc.o(.text) refers to messaging_pc.o(.bss) for Message_PC
    serial.o(.text) refers to lpc17xx_pinsel.o(.text) for PINSEL_ConfigPin
    serial.o(.text) refers to lpc17xx_uart.o(.text) for UART_FIFOConfigStructInit
    serial.o(.text) refers to serial.o(.data) for PinCfg
    serial.o(.ARM.exidx) refers to serial.o(.text) for .text
    lpc17xx_wdt.o(.text) refers to lpc17xx_clkpwr.o(.text) for CLKPWR_SetPCLKDiv
    lpc17xx_wdt.o(.text) refers to lpc17xx_libcfg_default.o(.text) for check_failed
    lpc17xx_wdt.o(.text) refers to system_lpc17xx.o(.data) for SystemCoreClock
    lpc17xx_clkpwr.o(.text) refers to system_lpc17xx.o(.data) for SystemCoreClock
    lpc17xx_mcpwm.o(.text) refers to lpc17xx_clkpwr.o(.text) for CLKPWR_ConfigPPWR
    lpc17xx_systick.o(.text) refers to fflt_clz.o(x$fpl$ffltu) for __aeabi_ui2f
    lpc17xx_systick.o(.text) refers to frleqf.o(x$fpl$frleqf) for __aeabi_cfrcmple
    lpc17xx_systick.o(.text) refers to lpc17xx_libcfg_default.o(.text) for check_failed
    lpc17xx_systick.o(.text) refers to system_lpc17xx.o(.data) for SystemCoreClock
    lpc17xx_timer.o(.text) refers to lpc17xx_clkpwr.o(.text) for CLKPWR_GetPCLK
    lpc17xx_timer.o(.text) refers to lludivv7m.o(.text) for __aeabi_uldivmod
    lpc17xx_timer.o(.text) refers to lpc17xx_libcfg_default.o(.text) for check_failed
    lpc17xx_uart.o(.text) refers to lpc17xx_clkpwr.o(.text) for CLKPWR_GetPCLK
    lpc17xx_uart.o(.text) refers to lludivv7m.o(.text) for __aeabi_uldivmod
    lpc17xx_uart.o(.text) refers to lpc17xx_libcfg_default.o(.text) for check_failed
    startup_lpc17xx.o(STACK) refers (Special) to heapauxi.o(.text) for __use_two_region_memory
    startup_lpc17xx.o(HEAP) refers (Special) to heapauxi.o(.text) for __use_two_region_memory
    startup_lpc17xx.o(RESET) refers (Special) to heapauxi.o(.text) for __use_two_region_memory
    startup_lpc17xx.o(RESET) refers to startup_lpc17xx.o(STACK) for __initial_sp
    startup_lpc17xx.o(RESET) refers to startup_lpc17xx.o(.text) for Reset_Handler
    startup_lpc17xx.o(RESET) refers to main.o(.text) for TIMER0_IRQHandler
    startup_lpc17xx.o(.ARM.__at_0x02FC) refers (Special) to heapauxi.o(.text) for __use_two_region_memory
    startup_lpc17xx.o(.text) refers (Special) to heapauxi.o(.text) for __use_two_region_memory
    startup_lpc17xx.o(.text) refers to system_lpc17xx.o(.text) for SystemInit
    startup_lpc17xx.o(.text) refers to __main.o(!!!main) for __main
    startup_lpc17xx.o(.text) refers to startup_lpc17xx.o(HEAP) for Heap_Mem
    startup_lpc17xx.o(.text) refers to startup_lpc17xx.o(STACK) for Stack_Mem
    system_lpc17xx.o(.text) refers to lludivv7m.o(.text) for __aeabi_uldivmod
    system_lpc17xx.o(.text) refers to system_lpc17xx.o(.data) for SystemCoreClock
    __main.o(!!!main) refers to rtentry.o(.ARM.Collect$$rtentry$$00000000) for __rt_entry
    d2f.o(x$fpl$d2f) refers (Special) to usenofp.o(x$fpl$usenofp) for __I$use$fp
    d2f.o(x$fpl$d2f) refers to fretinf.o(x$fpl$fretinf) for __fpl_fretinf
    d2f.o(x$fpl$d2f) refers to dnaninf.o(x$fpl$dnaninf) for __fpl_dnaninf
    daddsub_clz.o(x$fpl$dadd) refers (Special) to usenofp.o(x$fpl$usenofp) for __I$use$fp
    daddsub_clz.o(x$fpl$dadd) refers to daddsub_clz.o(x$fpl$dsub) for _dsub1
    daddsub_clz.o(x$fpl$dadd) refers to dretinf.o(x$fpl$dretinf) for __fpl_dretinf
    daddsub_clz.o(x$fpl$dadd) refers to dnaninf.o(x$fpl$dnaninf) for __fpl_dnaninf
    daddsub_clz.o(x$fpl$drsb) refers (Special) to usenofp.o(x$fpl$usenofp) for __I$use$fp
    daddsub_clz.o(x$fpl$drsb) refers to daddsub_clz.o(x$fpl$dadd) for _dadd1
    daddsub_clz.o(x$fpl$drsb) refers to daddsub_clz.o(x$fpl$dsub) for _dsub1
    daddsub_clz.o(x$fpl$dsub) refers (Special) to usenofp.o(x$fpl$usenofp) for __I$use$fp
    daddsub_clz.o(x$fpl$dsub) refers to daddsub_clz.o(x$fpl$dadd) for _dadd1
    daddsub_clz.o(x$fpl$dsub) refers to dnaninf.o(x$fpl$dnaninf) for __fpl_dnaninf
    dmul.o(x$fpl$dmul) refers (Special) to usenofp.o(x$fpl$usenofp) for __I$use$fp
    dmul.o(x$fpl$dmul) refers to dretinf.o(x$fpl$dretinf) for __fpl_dretinf
    dmul.o(x$fpl$dmul) refers to dnaninf.o(x$fpl$dnaninf) for __fpl_dnaninf
    f2d.o(x$fpl$f2d) refers (Special) to usenofp.o(x$fpl$usenofp) for __I$use$fp
    f2d.o(x$fpl$f2d) refers to fnaninf.o(x$fpl$fnaninf) for __fpl_fnaninf
    f2d.o(x$fpl$f2d) refers to dretinf.o(x$fpl$dretinf) for __fpl_dretinf
    fflt_clz.o(x$fpl$ffltu) refers (Special) to usenofp.o(x$fpl$usenofp) for __I$use$fp
    fflt_clz.o(x$fpl$fflt) refers (Special) to usenofp.o(x$fpl$usenofp) for __I$use$fp
    fflt_clz.o(x$fpl$ffltn) refers (Special) to usenofp.o(x$fpl$usenofp) for __I$use$fp
    frleqf.o(x$fpl$frleqf) refers (Special) to usenofp.o(x$fpl$usenofp) for __I$use$fp
    frleqf.o(x$fpl$frleqf) refers to fleqf.o(x$fpl$fleqf) for __fpl_fcmple_InfNaN
    rtentry.o(.ARM.Collect$$rtentry$$00000000) refers (Special) to rtentry2.o(.ARM.Collect$$rtentry$$0000000A) for __rt_entry_li
    rtentry.o(.ARM.Collect$$rtentry$$00000000) refers (Special) to rtentry2.o(.ARM.Collect$$rtentry$$0000000D) for __rt_entry_main
    rtentry.o(.ARM.Collect$$rtentry$$00000000) refers (Special) to rtentry2.o(.ARM.Collect$$rtentry$$0000000C) for __rt_entry_postli_1
    rtentry.o(.ARM.Collect$$rtentry$$00000000) refers (Special) to rtentry2.o(.ARM.Collect$$rtentry$$00000009) for __rt_entry_postsh_1
    rtentry.o(.ARM.Collect$$rtentry$$00000000) refers (Special) to rtentry2.o(.ARM.Collect$$rtentry$$00000002) for __rt_entry_presh_1
    rtentry.o(.ARM.Collect$$rtentry$$00000000) refers (Special) to rtentry4.o(.ARM.Collect$$rtentry$$00000004) for __rt_entry_sh
    aeabi_ldiv0_sigfpe.o(.text) refers to rt_div0.o(.text) for __rt_div0
    dnaninf.o(x$fpl$dnaninf) refers (Special) to usenofp.o(x$fpl$usenofp) for __I$use$fp
    dretinf.o(x$fpl$dretinf) refers (Special) to usenofp.o(x$fpl$usenofp) for __I$use$fp
    fleqf.o(x$fpl$fleqf) refers (Special) to usenofp.o(x$fpl$usenofp) for __I$use$fp
    fleqf.o(x$fpl$fleqf) refers to fnaninf.o(x$fpl$fnaninf) for __fpl_fnaninf
    fleqf.o(x$fpl$fleqf) refers to fcmpi.o(x$fpl$fcmpinf) for __fpl_fcmp_Inf
    fnaninf.o(x$fpl$fnaninf) refers (Special) to usenofp.o(x$fpl$usenofp) for __I$use$fp
    fretinf.o(x$fpl$fretinf) refers (Special) to usenofp.o(x$fpl$usenofp) for __I$use$fp
    rtentry2.o(.ARM.Collect$$rtentry$$00000008) refers to boardinit2.o(.text) for _platform_post_stackheap_init
    rtentry2.o(.ARM.Collect$$rtentry$$0000000A) refers to libinit.o(.ARM.Collect$$libinit$$00000000) for __rt_lib_init
    rtentry2.o(.ARM.Collect$$rtentry$$0000000B) refers to boardinit3.o(.text) for _platform_post_lib_init
    rtentry2.o(.ARM.Collect$$rtentry$$0000000D) refers to main.o(.text) for main
    rtentry2.o(.ARM.Collect$$rtentry$$0000000D) refers to exit.o(.text) for exit
    rtentry2.o(.ARM.exidx) refers to rtentry2.o(.ARM.Collect$$rtentry$$00000001) for .ARM.Collect$$rtentry$$00000001
    rtentry2.o(.ARM.exidx) refers to rtentry2.o(.ARM.Collect$$rtentry$$00000008) for .ARM.Collect$$rtentry$$00000008
    rtentry2.o(.ARM.exidx) refers to rtentry2.o(.ARM.Collect$$rtentry$$0000000A) for .ARM.Collect$$rtentry$$0000000A
    rtentry2.o(.ARM.exidx) refers to rtentry2.o(.ARM.Collect$$rtentry$$0000000B) for .ARM.Collect$$rtentry$$0000000B
    rtentry2.o(.ARM.exidx) refers to rtentry2.o(.ARM.Collect$$rtentry$$0000000D) for .ARM.Collect$$rtentry$$0000000D
    rtentry4.o(.ARM.Collect$$rtentry$$00000004) refers to sys_stackheap_outer.o(.text) for __user_setup_stackheap
    rtentry4.o(.ARM.exidx) refers to rtentry4.o(.ARM.Collect$$rtentry$$00000004) for .ARM.Collect$$rtentry$$00000004
    rt_div0.o(.text) refers to defsig_fpe_outer.o(.text) for __rt_SIGFPE
    fcmpi.o(x$fpl$fcmpinf) refers (Special) to usenofp.o(x$fpl$usenofp) for __I$use$fp
    sys_stackheap_outer.o(.text) refers to libspace.o(.text) for __user_perproc_libspace
    sys_stackheap_outer.o(.text) refers to startup_lpc17xx.o(.text) for __user_initial_stackheap
    exit.o(.text) refers to rtexit.o(.ARM.Collect$$rtexit$$00000000) for __rt_exit
    defsig_fpe_outer.o(.text) refers to defsig_fpe_inner.o(.text) for __rt_SIGFPE_inner
    defsig_fpe_outer.o(.text) refers to defsig_exit.o(.text) for __sig_exit
    defsig_fpe_formal.o(.text) refers to rt_raise.o(.text) for __rt_raise
    libinit.o(.ARM.Collect$$libinit$$00000000) refers (Special) to libinit2.o(.ARM.Collect$$libinit$$0000002C) for __rt_lib_init_alloca_1
    libinit.o(.ARM.Collect$$libinit$$00000000) refers (Special) to libinit2.o(.ARM.Collect$$libinit$$0000002A) for __rt_lib_init_argv_1
    libinit.o(.ARM.Collect$$libinit$$00000000) refers (Special) to libinit2.o(.ARM.Collect$$libinit$$00000019) for __rt_lib_init_atexit_1
    libinit.o(.ARM.Collect$$libinit$$00000000) refers (Special) to libinit2.o(.ARM.Collect$$libinit$$0000001F) for __rt_lib_init_clock_1
    libinit.o(.ARM.Collect$$libinit$$00000000) refers (Special) to libinit2.o(.ARM.Collect$$libinit$$00000030) for __rt_lib_init_cpp_1
    libinit.o(.ARM.Collect$$libinit$$00000000) refers (Special) to libinit2.o(.ARM.Collect$$libinit$$0000002E) for __rt_lib_init_exceptions_1
    libinit.o(.ARM.Collect$$libinit$$00000000) refers (Special) to libinit2.o(.ARM.Collect$$libinit$$00000002) for __rt_lib_init_fp_1
    libinit.o(.ARM.Collect$$libinit$$00000000) refers (Special) to libinit2.o(.ARM.Collect$$libinit$$0000001D) for __rt_lib_init_fp_trap_1
    libinit.o(.ARM.Collect$$libinit$$00000000) refers (Special) to libinit2.o(.ARM.Collect$$libinit$$00000021) for __rt_lib_init_getenv_1
    libinit.o(.ARM.Collect$$libinit$$00000000) refers (Special) to libinit2.o(.ARM.Collect$$libinit$$00000008) for __rt_lib_init_heap_1
    libinit.o(.ARM.Collect$$libinit$$00000000) refers (Special) to libinit2.o(.ARM.Collect$$libinit$$0000000F) for __rt_lib_init_lc_collate_1
    libinit.o(.ARM.Collect$$libinit$$00000000) refers (Special) to libinit2.o(.ARM.Collect$$libinit$$00000011) for __rt_lib_init_lc_ctype_1
    libinit.o(.ARM.Collect$$libinit$$00000000) refers (Special) to libinit2.o(.ARM.Collect$$libinit$$00000013) for __rt_lib_init_lc_monetary_1
    libinit.o(.ARM.Collect$$libinit$$00000000) refers (Special) to libinit2.o(.ARM.Collect$$libinit$$00000015) for __rt_lib_init_lc_numeric_1
    libinit.o(.ARM.Collect$$libinit$$00000000) refers (Special) to libinit2.o(.ARM.Collect$$libinit$$00000017) for __rt_lib_init_lc_time_1
    libinit.o(.ARM.Collect$$libinit$$00000000) refers (Special) to libinit2.o(.ARM.Collect$$libinit$$0000000C) for __rt_lib_init_rand_1
    libinit.o(.ARM.Collect$$libinit$$00000000) refers (Special) to libinit2.o(.ARM.Collect$$libinit$$00000031) for __rt_lib_init_return
    libinit.o(.ARM.Collect$$libinit$$00000000) refers (Special) to libinit2.o(.ARM.Collect$$libinit$$0000001B) for __rt_lib_init_signal_1
    libinit.o(.ARM.Collect$$libinit$$00000000) refers (Special) to libinit2.o(.ARM.Collect$$libinit$$00000023) for __rt_lib_init_stdio_1
    libinit.o(.ARM.Collect$$libinit$$00000000) refers (Special) to libinit2.o(.ARM.Collect$$libinit$$0000000A) for __rt_lib_init_user_alloc_1
    libspace.o(.text) refers to libspace.o(.bss) for __libspace_start
    rtexit.o(.ARM.Collect$$rtexit$$00000000) refers (Special) to rtexit2.o(.ARM.Collect$$rtexit$$00000004) for __rt_exit_exit
    rtexit.o(.ARM.Collect$$rtexit$$00000000) refers (Special) to rtexit2.o(.ARM.Collect$$rtexit$$00000003) for __rt_exit_ls
    rtexit.o(.ARM.Collect$$rtexit$$00000000) refers (Special) to rtexit2.o(.ARM.Collect$$rtexit$$00000002) for __rt_exit_prels_1
    rtexit.o(.ARM.exidx) refers (Special) to rtexit2.o(.ARM.Collect$$rtexit$$00000004) for __rt_exit_exit
    rtexit.o(.ARM.exidx) refers (Special) to rtexit2.o(.ARM.Collect$$rtexit$$00000003) for __rt_exit_ls
    rtexit.o(.ARM.exidx) refers (Special) to rtexit2.o(.ARM.Collect$$rtexit$$00000002) for __rt_exit_prels_1
    rtexit.o(.ARM.exidx) refers to rtexit.o(.ARM.Collect$$rtexit$$00000000) for .ARM.Collect$$rtexit$$00000000
    rt_raise.o(.text) refers to __raise.o(.text) for __raise
    rt_raise.o(.text) refers to sys_exit.o(.text) for _sys_exit
    defsig_exit.o(.text) refers to sys_exit.o(.text) for _sys_exit
    defsig_fpe_inner.o(.text) refers to defsig_general.o(.text) for __default_signal_display
    libinit2.o(.ARM.Collect$$libinit$$0000000E) refers to libinit2.o(.ARM.Collect$$libinit$$0000000D) for .ARM.Collect$$libinit$$0000000D
    libinit2.o(.ARM.Collect$$libinit$$00000010) refers to libinit2.o(.ARM.Collect$$libinit$$0000000D) for .ARM.Collect$$libinit$$0000000D
    libinit2.o(.ARM.Collect$$libinit$$00000012) refers to libinit2.o(.ARM.Collect$$libinit$$0000000D) for .ARM.Collect$$libinit$$0000000D
    libinit2.o(.ARM.Collect$$libinit$$00000014) refers to libinit2.o(.ARM.Collect$$libinit$$0000000D) for .ARM.Collect$$libinit$$0000000D
    libinit2.o(.ARM.Collect$$libinit$$00000016) refers to libinit2.o(.ARM.Collect$$libinit$$0000000D) for .ARM.Collect$$libinit$$0000000D
    libinit2.o(.ARM.Collect$$libinit$$00000024) refers to argv_veneer.o(.emb_text) for __ARM_argv_veneer
    libinit2.o(.ARM.Collect$$libinit$$00000025) refers to argv_veneer.o(.emb_text) for __ARM_argv_veneer
    sys_exit.o(.text) refers (Special) to use_no_semi.o(.text) for __I$use$semihosting
    sys_exit.o(.text) refers (Special) to indicate_semi.o(.text) for __semihosting_library_function
    rtexit2.o(.ARM.Collect$$rtexit$$00000003) refers to libshutdown.o(.ARM.Collect$$libshutdown$$00000000) for __rt_lib_shutdown
    rtexit2.o(.ARM.Collect$$rtexit$$00000004) refers to sys_exit.o(.text) for _sys_exit
    rtexit2.o(.ARM.exidx) refers to rtexit2.o(.ARM.Collect$$rtexit$$00000001) for .ARM.Collect$$rtexit$$00000001
    rtexit2.o(.ARM.exidx) refers to rtexit2.o(.ARM.Collect$$rtexit$$00000003) for .ARM.Collect$$rtexit$$00000003
    rtexit2.o(.ARM.exidx) refers to rtexit2.o(.ARM.Collect$$rtexit$$00000004) for .ARM.Collect$$rtexit$$00000004
    __raise.o(.text) refers to defsig.o(CL$$defsig) for __default_signal_handler
    defsig_general.o(.text) refers to sys_wrch.o(.text) for _ttywrch
    argv_veneer.o(.emb_text) refers to no_argv.o(.text) for __ARM_get_argv
    sys_wrch.o(.text) refers (Special) to use_no_semi.o(.text) for __I$use$semihosting
    sys_wrch.o(.text) refers (Special) to indicate_semi.o(.text) for __semihosting_library_function
    defsig.o(CL$$defsig) refers to defsig_fpe_inner.o(.text) for __rt_SIGFPE_inner
    defsig.o(CL$$defsig) refers to defsig_rtmem_inner.o(.text) for __rt_SIGRTMEM_inner
    _get_argv_nomalloc.o(.text) refers (Special) to hrguard.o(.text) for __heap_region$guard
    _get_argv_nomalloc.o(.text) refers to defsig_rtmem_outer.o(.text) for __rt_SIGRTMEM
    _get_argv_nomalloc.o(.text) refers to sys_command.o(.text) for _sys_command_string
    libshutdown.o(.ARM.Collect$$libshutdown$$00000000) refers (Special) to libshutdown2.o(.ARM.Collect$$libshutdown$$00000006) for __rt_lib_shutdown_fp_trap_1
    libshutdown.o(.ARM.Collect$$libshutdown$$00000000) refers (Special) to libshutdown2.o(.ARM.Collect$$libshutdown$$0000000E) for __rt_lib_shutdown_heap_1
    libshutdown.o(.ARM.Collect$$libshutdown$$00000000) refers (Special) to libshutdown2.o(.ARM.Collect$$libshutdown$$0000000F) for __rt_lib_shutdown_return
    libshutdown.o(.ARM.Collect$$libshutdown$$00000000) refers (Special) to libshutdown2.o(.ARM.Collect$$libshutdown$$00000009) for __rt_lib_shutdown_signal_1
    libshutdown.o(.ARM.Collect$$libshutdown$$00000000) refers (Special) to libshutdown2.o(.ARM.Collect$$libshutdown$$00000003) for __rt_lib_shutdown_stdio_1
    libshutdown.o(.ARM.Collect$$libshutdown$$00000000) refers (Special) to libshutdown2.o(.ARM.Collect$$libshutdown$$0000000B) for __rt_lib_shutdown_user_alloc_1
    sys_command.o(.text) refers (Special) to use_no_semi.o(.text) for __I$use$semihosting
    sys_command.o(.text) refers (Special) to indicate_semi.o(.text) for __semihosting_library_function
    defsig_abrt_inner.o(.text) refers to defsig_general.o(.text) for __default_signal_display
    defsig_rtred_inner.o(.text) refers to defsig_general.o(.text) for __default_signal_display
    defsig_rtmem_inner.o(.text) refers to defsig_general.o(.text) for __default_signal_display
    defsig_rtmem_outer.o(.text) refers to defsig_rtmem_inner.o(.text) for __rt_SIGRTMEM_inner
    defsig_rtmem_outer.o(.text) refers to defsig_exit.o(.text) for __sig_exit
    defsig_rtmem_formal.o(.text) refers to rt_raise.o(.text) for __rt_raise
    defsig_stak_inner.o(.text) refers to defsig_general.o(.text) for __default_signal_display
    defsig_pvfn_inner.o(.text) refers to defsig_general.o(.text) for __default_signal_display
    defsig_cppl_inner.o(.text) refers to defsig_general.o(.text) for __default_signal_display
    defsig_segv_inner.o(.text) refers to defsig_general.o(.text) for __default_signal_display
    defsig_other.o(.text) refers to defsig_general.o(.text) for __default_signal_display


==============================================================================

Removing Unused input sections from the image.

    Removing main.o(.rev16_text), (4 bytes).
    Removing main.o(.revsh_text), (4 bytes).
    Removing pid.o(.text), (196 bytes).
    Removing pid.o(.bss), (12 bytes).
    Removing pid.o(.data), (8 bytes).
    Removing user_gpio.o(.rev16_text), (4 bytes).
    Removing user_gpio.o(.revsh_text), (4 bytes).
    Removing user_uart.o(.rev16_text), (4 bytes).
    Removing user_uart.o(.revsh_text), (4 bytes).
    Removing serial.o(.rev16_text), (4 bytes).
    Removing serial.o(.revsh_text), (4 bytes).
    Removing serial.o(.text), (728 bytes).
    Removing serial.o(.ARM.exidx), (8 bytes).
    Removing serial.o(.data), (5 bytes).
    Removing lpc17xx_wdt.o(.rev16_text), (4 bytes).
    Removing lpc17xx_wdt.o(.revsh_text), (4 bytes).
    Removing lpc17xx_wdt.o(.text), (472 bytes).
    Removing lpc17xx_clkpwr.o(.rev16_text), (4 bytes).
    Removing lpc17xx_clkpwr.o(.revsh_text), (4 bytes).
    Removing lpc17xx_exti.o(.rev16_text), (4 bytes).
    Removing lpc17xx_exti.o(.revsh_text), (4 bytes).
    Removing lpc17xx_exti.o(.text), (184 bytes).
    Removing lpc17xx_gpio.o(.rev16_text), (4 bytes).
    Removing lpc17xx_gpio.o(.revsh_text), (4 bytes).
    Removing lpc17xx_mcpwm.o(.rev16_text), (4 bytes).
    Removing lpc17xx_mcpwm.o(.revsh_text), (4 bytes).
    Removing lpc17xx_mcpwm.o(.text), (1056 bytes).
    Removing lpc17xx_nvic.o(.rev16_text), (4 bytes).
    Removing lpc17xx_nvic.o(.revsh_text), (4 bytes).
    Removing lpc17xx_nvic.o(.text), (168 bytes).
    Removing lpc17xx_pinsel.o(.rev16_text), (4 bytes).
    Removing lpc17xx_pinsel.o(.revsh_text), (4 bytes).
    Removing lpc17xx_systick.o(.rev16_text), (4 bytes).
    Removing lpc17xx_systick.o(.revsh_text), (4 bytes).
    Removing lpc17xx_systick.o(.text), (388 bytes).
    Removing lpc17xx_timer.o(.rev16_text), (4 bytes).
    Removing lpc17xx_timer.o(.revsh_text), (4 bytes).
    Removing lpc17xx_uart.o(.rev16_text), (4 bytes).
    Removing lpc17xx_uart.o(.revsh_text), (4 bytes).
    Removing system_lpc17xx.o(.rev16_text), (4 bytes).
    Removing system_lpc17xx.o(.revsh_text), (4 bytes).

41 unused section(s) (total 3345 bytes) removed from the image.

==============================================================================

Image Symbol Table

    Local Symbols

    Symbol Name                              Value     Ov Type        Size  Object(Section)

    RESET                                    0x00000000   Section      204  startup_lpc17xx.o(RESET)
    ../clib/angel/boardlib.s                 0x00000000   Number         0  boardinit1.o ABSOLUTE
    ../clib/angel/boardlib.s                 0x00000000   Number         0  boardinit2.o ABSOLUTE
    ../clib/angel/boardlib.s                 0x00000000   Number         0  boardinit3.o ABSOLUTE
    ../clib/angel/boardlib.s                 0x00000000   Number         0  boardshut.o ABSOLUTE
    ../clib/angel/dczerorl2.s                0x00000000   Number         0  __dczerorl2.o ABSOLUTE
    ../clib/angel/handlers.s                 0x00000000   Number         0  __scatter_zi.o ABSOLUTE
    ../clib/angel/kernel.s                   0x00000000   Number         0  rtentry.o ABSOLUTE
    ../clib/angel/kernel.s                   0x00000000   Number         0  rtexit.o ABSOLUTE
    ../clib/angel/kernel.s                   0x00000000   Number         0  rtexit2.o ABSOLUTE
    ../clib/angel/kernel.s                   0x00000000   Number         0  rtentry2.o ABSOLUTE
    ../clib/angel/kernel.s                   0x00000000   Number         0  rtentry4.o ABSOLUTE
    ../clib/angel/rt.s                       0x00000000   Number         0  aeabi_ldiv0_sigfpe.o ABSOLUTE
    ../clib/angel/rt.s                       0x00000000   Number         0  rt_raise.o ABSOLUTE
    ../clib/angel/rt.s                       0x00000000   Number         0  aeabi_ldiv0.o ABSOLUTE
    ../clib/angel/rt.s                       0x00000000   Number         0  rt_div0.o ABSOLUTE
    ../clib/angel/scatter.s                  0x00000000   Number         0  __scatter.o ABSOLUTE
    ../clib/angel/startup.s                  0x00000000   Number         0  __main.o ABSOLUTE
    ../clib/angel/sys.s                      0x00000000   Number         0  libspace.o ABSOLUTE
    ../clib/angel/sys.s                      0x00000000   Number         0  use_no_semi.o ABSOLUTE
    ../clib/angel/sys.s                      0x00000000   Number         0  sys_stackheap_outer.o ABSOLUTE
    ../clib/angel/sys.s                      0x00000000   Number         0  indicate_semi.o ABSOLUTE
    ../clib/angel/sysapp.c                   0x00000000   Number         0  sys_command.o ABSOLUTE
    ../clib/angel/sysapp.c                   0x00000000   Number         0  sys_wrch.o ABSOLUTE
    ../clib/angel/sysapp.c                   0x00000000   Number         0  sys_exit.o ABSOLUTE
    ../clib/armsys.c                         0x00000000   Number         0  argv_veneer.o ABSOLUTE
    ../clib/armsys.c                         0x00000000   Number         0  argv_veneer.o ABSOLUTE
    ../clib/armsys.c                         0x00000000   Number         0  no_argv.o ABSOLUTE
    ../clib/armsys.c                         0x00000000   Number         0  _get_argv_nomalloc.o ABSOLUTE
    ../clib/heapalloc.c                      0x00000000   Number         0  hrguard.o ABSOLUTE
    ../clib/heapaux.c                        0x00000000   Number         0  heapauxi.o ABSOLUTE
    ../clib/libinit.s                        0x00000000   Number         0  libinit2.o ABSOLUTE
    ../clib/libinit.s                        0x00000000   Number         0  libshutdown2.o ABSOLUTE
    ../clib/libinit.s                        0x00000000   Number         0  libinit.o ABSOLUTE
    ../clib/libinit.s                        0x00000000   Number         0  libshutdown.o ABSOLUTE
    ../clib/longlong.s                       0x00000000   Number         0  lludivv7m.o ABSOLUTE
    ../clib/memcpset.s                       0x00000000   Number         0  rt_memcpy_w.o ABSOLUTE
    ../clib/signal.c                         0x00000000   Number         0  defsig_segv_inner.o ABSOLUTE
    ../clib/signal.c                         0x00000000   Number         0  defsig_general.o ABSOLUTE
    ../clib/signal.c                         0x00000000   Number         0  defsig_fpe_outer.o ABSOLUTE
    ../clib/signal.c                         0x00000000   Number         0  defsig_fpe_formal.o ABSOLUTE
    ../clib/signal.c                         0x00000000   Number         0  defsig_other.o ABSOLUTE
    ../clib/signal.c                         0x00000000   Number         0  defsig_pvfn_inner.o ABSOLUTE
    ../clib/signal.c                         0x00000000   Number         0  defsig_stak_inner.o ABSOLUTE
    ../clib/signal.c                         0x00000000   Number         0  defsig_cppl_inner.o ABSOLUTE
    ../clib/signal.c                         0x00000000   Number         0  defsig_rtmem_outer.o ABSOLUTE
    ../clib/signal.c                         0x00000000   Number         0  defsig_rtmem_inner.o ABSOLUTE
    ../clib/signal.c                         0x00000000   Number         0  defsig_rtred_inner.o ABSOLUTE
    ../clib/signal.c                         0x00000000   Number         0  defsig_exit.o ABSOLUTE
    ../clib/signal.c                         0x00000000   Number         0  defsig_fpe_inner.o ABSOLUTE
    ../clib/signal.c                         0x00000000   Number         0  __raise.o ABSOLUTE
    ../clib/signal.c                         0x00000000   Number         0  defsig_abrt_inner.o ABSOLUTE
    ../clib/signal.c                         0x00000000   Number         0  defsig_rtmem_formal.o ABSOLUTE
    ../clib/signal.s                         0x00000000   Number         0  defsig.o ABSOLUTE
    ../clib/stdlib.c                         0x00000000   Number         0  exit.o ABSOLUTE
    ../fplib/d2f.s                           0x00000000   Number         0  d2f.o ABSOLUTE
    ../fplib/daddsub.s                       0x00000000   Number         0  daddsub_clz.o ABSOLUTE
    ../fplib/dmul.s                          0x00000000   Number         0  dmul.o ABSOLUTE
    ../fplib/dnaninf.s                       0x00000000   Number         0  dnaninf.o ABSOLUTE
    ../fplib/dretinf.s                       0x00000000   Number         0  dretinf.o ABSOLUTE
    ../fplib/f2d.s                           0x00000000   Number         0  f2d.o ABSOLUTE
    ../fplib/fcmpi.s                         0x00000000   Number         0  fcmpi.o ABSOLUTE
    ../fplib/fflt.s                          0x00000000   Number         0  fflt_clz.o ABSOLUTE
    ../fplib/fleqf.s                         0x00000000   Number         0  fleqf.o ABSOLUTE
    ../fplib/fnaninf.s                       0x00000000   Number         0  fnaninf.o ABSOLUTE
    ../fplib/fpinit.s                        0x00000000   Number         0  fpinit.o ABSOLUTE
    ../fplib/fretinf.s                       0x00000000   Number         0  fretinf.o ABSOLUTE
    ../fplib/frleqf.s                        0x00000000   Number         0  frleqf.o ABSOLUTE
    ../fplib/usenofp.s                       0x00000000   Number         0  usenofp.o ABSOLUTE
    ..\Drivers\source\lpc17xx_clkpwr.c       0x00000000   Number         0  lpc17xx_clkpwr.o ABSOLUTE
    ..\Drivers\source\lpc17xx_exti.c         0x00000000   Number         0  lpc17xx_exti.o ABSOLUTE
    ..\Drivers\source\lpc17xx_gpio.c         0x00000000   Number         0  lpc17xx_gpio.o ABSOLUTE
    ..\Drivers\source\lpc17xx_libcfg_default.c 0x00000000   Number         0  lpc17xx_libcfg_default.o ABSOLUTE
    ..\Drivers\source\lpc17xx_mcpwm.c        0x00000000   Number         0  lpc17xx_mcpwm.o ABSOLUTE
    ..\Drivers\source\lpc17xx_nvic.c         0x00000000   Number         0  lpc17xx_nvic.o ABSOLUTE
    ..\Drivers\source\lpc17xx_pinsel.c       0x00000000   Number         0  lpc17xx_pinsel.o ABSOLUTE
    ..\Drivers\source\lpc17xx_systick.c      0x00000000   Number         0  lpc17xx_systick.o ABSOLUTE
    ..\Drivers\source\lpc17xx_timer.c        0x00000000   Number         0  lpc17xx_timer.o ABSOLUTE
    ..\Drivers\source\lpc17xx_uart.c         0x00000000   Number         0  lpc17xx_uart.o ABSOLUTE
    ..\User\AC_MotorDriverMsg.c              0x00000000   Number         0  ac_motordrivermsg.o ABSOLUTE
    ..\User\Messaging.c                      0x00000000   Number         0  messaging.o ABSOLUTE
    ..\User\Messaging_PC.c                   0x00000000   Number         0  messaging_pc.o ABSOLUTE
    ..\User\PID.c                            0x00000000   Number         0  pid.o ABSOLUTE
    ..\User\User_GPIO.c                      0x00000000   Number         0  user_gpio.o ABSOLUTE
    ..\User\User_Uart.c                      0x00000000   Number         0  user_uart.o ABSOLUTE
    ..\User\lpc17xx_wdt.c                    0x00000000   Number         0  lpc17xx_wdt.o ABSOLUTE
    ..\User\main.c                           0x00000000   Number         0  main.o ABSOLUTE
    ..\User\serial.cpp                       0x00000000   Number         0  serial.o ABSOLUTE
    ..\\Drivers\\source\\lpc17xx_clkpwr.c    0x00000000   Number         0  lpc17xx_clkpwr.o ABSOLUTE
    ..\\Drivers\\source\\lpc17xx_exti.c      0x00000000   Number         0  lpc17xx_exti.o ABSOLUTE
    ..\\Drivers\\source\\lpc17xx_gpio.c      0x00000000   Number         0  lpc17xx_gpio.o ABSOLUTE
    ..\\Drivers\\source\\lpc17xx_mcpwm.c     0x00000000   Number         0  lpc17xx_mcpwm.o ABSOLUTE
    ..\\Drivers\\source\\lpc17xx_nvic.c      0x00000000   Number         0  lpc17xx_nvic.o ABSOLUTE
    ..\\Drivers\\source\\lpc17xx_pinsel.c    0x00000000   Number         0  lpc17xx_pinsel.o ABSOLUTE
    ..\\Drivers\\source\\lpc17xx_systick.c   0x00000000   Number         0  lpc17xx_systick.o ABSOLUTE
    ..\\Drivers\\source\\lpc17xx_timer.c     0x00000000   Number         0  lpc17xx_timer.o ABSOLUTE
    ..\\Drivers\\source\\lpc17xx_uart.c      0x00000000   Number         0  lpc17xx_uart.o ABSOLUTE
    ..\\User\\User_GPIO.c                    0x00000000   Number         0  user_gpio.o ABSOLUTE
    ..\\User\\User_Uart.c                    0x00000000   Number         0  user_uart.o ABSOLUTE
    ..\\User\\lpc17xx_wdt.c                  0x00000000   Number         0  lpc17xx_wdt.o ABSOLUTE
    ..\\User\\main.c                         0x00000000   Number         0  main.o ABSOLUTE
    ..\\User\\serial.cpp                     0x00000000   Number         0  serial.o ABSOLUTE
    RTE\Device\LPC1768\startup_LPC17xx.s     0x00000000   Number         0  startup_lpc17xx.o ABSOLUTE
    RTE\Device\LPC1768\system_LPC17xx.c      0x00000000   Number         0  system_lpc17xx.o ABSOLUTE
    RTE\\Device\\LPC1768\\system_LPC17xx.c   0x00000000   Number         0  system_lpc17xx.o ABSOLUTE
    dc.s                                     0x00000000   Number         0  dc.o ABSOLUTE
    !!!main                                  0x000000cc   Section        8  __main.o(!!!main)
    !!!scatter                               0x000000d4   Section       52  __scatter.o(!!!scatter)
    !!dczerorl2                              0x00000108   Section       90  __dczerorl2.o(!!dczerorl2)
    !!handler_zi                             0x00000164   Section       28  __scatter_zi.o(!!handler_zi)
    .ARM.Collect$$libinit$$00000000          0x00000180   Section        2  libinit.o(.ARM.Collect$$libinit$$00000000)
    .ARM.Collect$$libinit$$00000002          0x00000182   Section        0  libinit2.o(.ARM.Collect$$libinit$$00000002)
    .ARM.Collect$$libinit$$00000008          0x00000182   Section        0  libinit2.o(.ARM.Collect$$libinit$$00000008)
    .ARM.Collect$$libinit$$0000000A          0x00000182   Section        0  libinit2.o(.ARM.Collect$$libinit$$0000000A)
    .ARM.Collect$$libinit$$0000000C          0x00000182   Section        0  libinit2.o(.ARM.Collect$$libinit$$0000000C)
    .ARM.Collect$$libinit$$0000000F          0x00000182   Section        0  libinit2.o(.ARM.Collect$$libinit$$0000000F)
    .ARM.Collect$$libinit$$00000011          0x00000182   Section        0  libinit2.o(.ARM.Collect$$libinit$$00000011)
    .ARM.Collect$$libinit$$00000013          0x00000182   Section        0  libinit2.o(.ARM.Collect$$libinit$$00000013)
    .ARM.Collect$$libinit$$00000015          0x00000182   Section        0  libinit2.o(.ARM.Collect$$libinit$$00000015)
    .ARM.Collect$$libinit$$00000017          0x00000182   Section        0  libinit2.o(.ARM.Collect$$libinit$$00000017)
    .ARM.Collect$$libinit$$00000019          0x00000182   Section        0  libinit2.o(.ARM.Collect$$libinit$$00000019)
    .ARM.Collect$$libinit$$0000001B          0x00000182   Section        0  libinit2.o(.ARM.Collect$$libinit$$0000001B)
    .ARM.Collect$$libinit$$0000001D          0x00000182   Section        0  libinit2.o(.ARM.Collect$$libinit$$0000001D)
    .ARM.Collect$$libinit$$0000001F          0x00000182   Section        0  libinit2.o(.ARM.Collect$$libinit$$0000001F)
    .ARM.Collect$$libinit$$00000021          0x00000182   Section        0  libinit2.o(.ARM.Collect$$libinit$$00000021)
    .ARM.Collect$$libinit$$00000023          0x00000182   Section        0  libinit2.o(.ARM.Collect$$libinit$$00000023)
    .ARM.Collect$$libinit$$0000002A          0x00000182   Section        0  libinit2.o(.ARM.Collect$$libinit$$0000002A)
    .ARM.Collect$$libinit$$0000002C          0x00000182   Section        0  libinit2.o(.ARM.Collect$$libinit$$0000002C)
    .ARM.Collect$$libinit$$0000002E          0x00000182   Section        0  libinit2.o(.ARM.Collect$$libinit$$0000002E)
    .ARM.Collect$$libinit$$00000030          0x00000182   Section        0  libinit2.o(.ARM.Collect$$libinit$$00000030)
    .ARM.Collect$$libinit$$00000031          0x00000182   Section        2  libinit2.o(.ARM.Collect$$libinit$$00000031)
    .ARM.Collect$$libshutdown$$00000000      0x00000184   Section        2  libshutdown.o(.ARM.Collect$$libshutdown$$00000000)
    .ARM.Collect$$libshutdown$$00000003      0x00000186   Section        0  libshutdown2.o(.ARM.Collect$$libshutdown$$00000003)
    .ARM.Collect$$libshutdown$$00000006      0x00000186   Section        0  libshutdown2.o(.ARM.Collect$$libshutdown$$00000006)
    .ARM.Collect$$libshutdown$$00000009      0x00000186   Section        0  libshutdown2.o(.ARM.Collect$$libshutdown$$00000009)
    .ARM.Collect$$libshutdown$$0000000B      0x00000186   Section        0  libshutdown2.o(.ARM.Collect$$libshutdown$$0000000B)
    .ARM.Collect$$libshutdown$$0000000E      0x00000186   Section        0  libshutdown2.o(.ARM.Collect$$libshutdown$$0000000E)
    .ARM.Collect$$libshutdown$$0000000F      0x00000186   Section        2  libshutdown2.o(.ARM.Collect$$libshutdown$$0000000F)
    .ARM.Collect$$rtentry$$00000000          0x00000188   Section        0  rtentry.o(.ARM.Collect$$rtentry$$00000000)
    .ARM.Collect$$rtentry$$00000002          0x00000188   Section        0  rtentry2.o(.ARM.Collect$$rtentry$$00000002)
    .ARM.Collect$$rtentry$$00000004          0x00000188   Section        6  rtentry4.o(.ARM.Collect$$rtentry$$00000004)
    .ARM.Collect$$rtentry$$00000009          0x0000018e   Section        0  rtentry2.o(.ARM.Collect$$rtentry$$00000009)
    .ARM.Collect$$rtentry$$0000000A          0x0000018e   Section        4  rtentry2.o(.ARM.Collect$$rtentry$$0000000A)
    .ARM.Collect$$rtentry$$0000000C          0x00000192   Section        0  rtentry2.o(.ARM.Collect$$rtentry$$0000000C)
    .ARM.Collect$$rtentry$$0000000D          0x00000192   Section        8  rtentry2.o(.ARM.Collect$$rtentry$$0000000D)
    .ARM.Collect$$rtexit$$00000000           0x0000019a   Section        2  rtexit.o(.ARM.Collect$$rtexit$$00000000)
    .ARM.Collect$$rtexit$$00000002           0x0000019c   Section        0  rtexit2.o(.ARM.Collect$$rtexit$$00000002)
    .ARM.Collect$$rtexit$$00000003           0x0000019c   Section        4  rtexit2.o(.ARM.Collect$$rtexit$$00000003)
    .ARM.Collect$$rtexit$$00000004           0x000001a0   Section        6  rtexit2.o(.ARM.Collect$$rtexit$$00000004)
    .text                                    0x000001a8   Section        0  lpc17xx_clkpwr.o(.text)
    .text                                    0x000002f8   Section        0  lpc17xx_libcfg_default.o(.text)
    .ARM.__at_0x02FC                         0x000002fc   Section        4  startup_lpc17xx.o(.ARM.__at_0x02FC)
    .text                                    0x00000300   Section        0  main.o(.text)
    NVIC_SetPriority                         0x00000301   Thumb Code    32  main.o(.text)
    NVIC_EnableIRQ                           0x00000dd9   Thumb Code    24  main.o(.text)
    NVIC_DisableIRQ                          0x00000df1   Thumb Code    18  main.o(.text)
    .text                                    0x00000e2c   Section        0  messaging.o(.text)
    .text                                    0x000010cc   Section        0  user_gpio.o(.text)
    NVIC_SetPriority                         0x000010cd   Thumb Code    32  user_gpio.o(.text)
    NVIC_EnableIRQ                           0x00001273   Thumb Code    24  user_gpio.o(.text)
    .text                                    0x00001298   Section        0  user_uart.o(.text)
    NVIC_SetPriority                         0x00001299   Thumb Code    32  user_uart.o(.text)
    NVIC_EnableIRQ                           0x000018e7   Thumb Code    24  user_uart.o(.text)
    .text                                    0x0000190c   Section        0  ac_motordrivermsg.o(.text)
    .text                                    0x00001a7c   Section        0  messaging_pc.o(.text)
    .text                                    0x00001c90   Section        0  lpc17xx_gpio.o(.text)
    GPIO_GetPointer                          0x00001c91   Thumb Code    52  lpc17xx_gpio.o(.text)
    FIO_HalfWordGetPointer                   0x00001cc5   Thumb Code    52  lpc17xx_gpio.o(.text)
    FIO_ByteGetPointer                       0x00001cf9   Thumb Code    52  lpc17xx_gpio.o(.text)
    .text                                    0x000020b4   Section        0  lpc17xx_pinsel.o(.text)
    set_PinFunc                              0x000020b5   Thumb Code    60  lpc17xx_pinsel.o(.text)
    set_ResistorMode                         0x000020f1   Thumb Code    62  lpc17xx_pinsel.o(.text)
    set_OpenDrainMode                        0x0000212f   Thumb Code    44  lpc17xx_pinsel.o(.text)
    .text                                    0x000021b4   Section        0  lpc17xx_timer.o(.text)
    getPClock                                0x000021b5   Thumb Code    66  lpc17xx_timer.o(.text)
    converUSecToVal                          0x000021f7   Thumb Code    50  lpc17xx_timer.o(.text)
    converPtrToTimeNum                       0x00002229   Thumb Code    46  lpc17xx_timer.o(.text)
    .text                                    0x0000281c   Section        0  lpc17xx_uart.o(.text)
    uart_set_divisors                        0x0000281d   Thumb Code   464  lpc17xx_uart.o(.text)
    .text                                    0x00003664   Section       60  startup_lpc17xx.o(.text)
    .text                                    0x000036a0   Section        0  system_lpc17xx.o(.text)
    .text                                    0x000039b8   Section      238  lludivv7m.o(.text)
    .text                                    0x00003aa6   Section      100  rt_memcpy_w.o(.text)
    .text                                    0x00003b0a   Section        0  heapauxi.o(.text)
    .text                                    0x00003b10   Section       74  sys_stackheap_outer.o(.text)
    .text                                    0x00003b5a   Section        0  exit.o(.text)
    .text                                    0x00003b68   Section        8  libspace.o(.text)
    .text                                    0x00003b70   Section        0  sys_exit.o(.text)
    .text                                    0x00003b7c   Section        2  use_no_semi.o(.text)
    .text                                    0x00003b7e   Section        0  indicate_semi.o(.text)
    .data                                    0x10000000   Section      960  main.o(.data)
    .data                                    0x100003c0   Section       18  messaging.o(.data)
    .data                                    0x100003d4   Section        8  user_uart.o(.data)
    .data                                    0x100003dc   Section       10  ac_motordrivermsg.o(.data)
    .data                                    0x100003e8   Section       14  messaging_pc.o(.data)
    .data                                    0x100003f8   Section        4  system_lpc17xx.o(.data)
    .bss                                     0x100003fc   Section      564  main.o(.bss)
    .bss                                     0x10000630   Section      752  messaging.o(.bss)
    .bss                                     0x10000920   Section     2128  user_uart.o(.bss)
    .bss                                     0x10001170   Section       10  ac_motordrivermsg.o(.bss)
    .bss                                     0x1000117c   Section      752  messaging_pc.o(.bss)
    .bss                                     0x1000146c   Section       96  libspace.o(.bss)
    HEAP                                     0x100014d0   Section        0  startup_lpc17xx.o(HEAP)
    STACK                                    0x100014d0   Section      512  startup_lpc17xx.o(STACK)
    Heap_Mem                                 0x100014d0   Data           0  startup_lpc17xx.o(HEAP)
    Stack_Mem                                0x100014d0   Data         512  startup_lpc17xx.o(STACK)
    __initial_sp                             0x100016d0   Data           0  startup_lpc17xx.o(STACK)

    Global Symbols

    Symbol Name                              Value     Ov Type        Size  Object(Section)

    BuildAttributes$$THM_ISAv4$P$D$K$B$S$PE$A:L22UL41UL21$X:L11$S22US41US21$IEEE1$IW$USESV6$~STKCKD$USESV7$~SHL$OSPACE$ROPI$EBA8$UX$STANDARDLIB$REQ8$PRES8$EABIv2 0x00000000   Number         0  anon$$obj.o ABSOLUTE
    __ARM_use_no_argv                        0x00000000   Number         0  main.o ABSOLUTE
    __Vectors                                0x00000000   Data           4  startup_lpc17xx.o(RESET)
    __ARM_exceptions_init                     - Undefined Weak Reference
    __alloca_initialize                       - Undefined Weak Reference
    __cpp_initialize__aeabi_                  - Undefined Weak Reference
    __cxa_finalize                            - Undefined Weak Reference
    __rt_locale                               - Undefined Weak Reference
    __sigvec_lookup                           - Undefined Weak Reference
    _atexit_init                              - Undefined Weak Reference
    _call_atexit_fns                          - Undefined Weak Reference
    _clock_init                               - Undefined Weak Reference
    _fp_trap_init                             - Undefined Weak Reference
    _fp_trap_shutdown                         - Undefined Weak Reference
    _get_lc_collate                           - Undefined Weak Reference
    _get_lc_ctype                             - Undefined Weak Reference
    _get_lc_monetary                          - Undefined Weak Reference
    _get_lc_numeric                           - Undefined Weak Reference
    _get_lc_time                              - Undefined Weak Reference
    _getenv_init                              - Undefined Weak Reference
    _handle_redirection                       - Undefined Weak Reference
    _init_alloc                               - Undefined Weak Reference
    _init_user_alloc                          - Undefined Weak Reference
    _initio                                   - Undefined Weak Reference
    _rand_init                                - Undefined Weak Reference
    _signal_finish                            - Undefined Weak Reference
    _signal_init                              - Undefined Weak Reference
    _terminate_alloc                          - Undefined Weak Reference
    _terminate_user_alloc                     - Undefined Weak Reference
    _terminateio                              - Undefined Weak Reference
    __main                                   0x000000cd   Thumb Code     8  __main.o(!!!main)
    __scatterload                            0x000000d5   Thumb Code     0  __scatter.o(!!!scatter)
    __scatterload_rt2                        0x000000d5   Thumb Code    44  __scatter.o(!!!scatter)
    __scatterload_rt2_thumb_only             0x000000d5   Thumb Code     0  __scatter.o(!!!scatter)
    __scatterload_null                       0x000000e3   Thumb Code     0  __scatter.o(!!!scatter)
    __decompress                             0x00000109   Thumb Code    90  __dczerorl2.o(!!dczerorl2)
    __decompress1                            0x00000109   Thumb Code     0  __dczerorl2.o(!!dczerorl2)
    __scatterload_zeroinit                   0x00000165   Thumb Code    28  __scatter_zi.o(!!handler_zi)
    __rt_lib_init                            0x00000181   Thumb Code     0  libinit.o(.ARM.Collect$$libinit$$00000000)
    __rt_lib_init_alloca_1                   0x00000183   Thumb Code     0  libinit2.o(.ARM.Collect$$libinit$$0000002C)
    __rt_lib_init_argv_1                     0x00000183   Thumb Code     0  libinit2.o(.ARM.Collect$$libinit$$0000002A)
    __rt_lib_init_atexit_1                   0x00000183   Thumb Code     0  libinit2.o(.ARM.Collect$$libinit$$00000019)
    __rt_lib_init_clock_1                    0x00000183   Thumb Code     0  libinit2.o(.ARM.Collect$$libinit$$0000001F)
    __rt_lib_init_cpp_1                      0x00000183   Thumb Code     0  libinit2.o(.ARM.Collect$$libinit$$00000030)
    __rt_lib_init_exceptions_1               0x00000183   Thumb Code     0  libinit2.o(.ARM.Collect$$libinit$$0000002E)
    __rt_lib_init_fp_1                       0x00000183   Thumb Code     0  libinit2.o(.ARM.Collect$$libinit$$00000002)
    __rt_lib_init_fp_trap_1                  0x00000183   Thumb Code     0  libinit2.o(.ARM.Collect$$libinit$$0000001D)
    __rt_lib_init_getenv_1                   0x00000183   Thumb Code     0  libinit2.o(.ARM.Collect$$libinit$$00000021)
    __rt_lib_init_heap_1                     0x00000183   Thumb Code     0  libinit2.o(.ARM.Collect$$libinit$$00000008)
    __rt_lib_init_lc_collate_1               0x00000183   Thumb Code     0  libinit2.o(.ARM.Collect$$libinit$$0000000F)
    __rt_lib_init_lc_ctype_1                 0x00000183   Thumb Code     0  libinit2.o(.ARM.Collect$$libinit$$00000011)
    __rt_lib_init_lc_monetary_1              0x00000183   Thumb Code     0  libinit2.o(.ARM.Collect$$libinit$$00000013)
    __rt_lib_init_lc_numeric_1               0x00000183   Thumb Code     0  libinit2.o(.ARM.Collect$$libinit$$00000015)
    __rt_lib_init_lc_time_1                  0x00000183   Thumb Code     0  libinit2.o(.ARM.Collect$$libinit$$00000017)
    __rt_lib_init_rand_1                     0x00000183   Thumb Code     0  libinit2.o(.ARM.Collect$$libinit$$0000000C)
    __rt_lib_init_return                     0x00000183   Thumb Code     0  libinit2.o(.ARM.Collect$$libinit$$00000031)
    __rt_lib_init_signal_1                   0x00000183   Thumb Code     0  libinit2.o(.ARM.Collect$$libinit$$0000001B)
    __rt_lib_init_stdio_1                    0x00000183   Thumb Code     0  libinit2.o(.ARM.Collect$$libinit$$00000023)
    __rt_lib_init_user_alloc_1               0x00000183   Thumb Code     0  libinit2.o(.ARM.Collect$$libinit$$0000000A)
    __rt_lib_shutdown                        0x00000185   Thumb Code     0  libshutdown.o(.ARM.Collect$$libshutdown$$00000000)
    __rt_lib_shutdown_fp_trap_1              0x00000187   Thumb Code     0  libshutdown2.o(.ARM.Collect$$libshutdown$$00000006)
    __rt_lib_shutdown_heap_1                 0x00000187   Thumb Code     0  libshutdown2.o(.ARM.Collect$$libshutdown$$0000000E)
    __rt_lib_shutdown_return                 0x00000187   Thumb Code     0  libshutdown2.o(.ARM.Collect$$libshutdown$$0000000F)
    __rt_lib_shutdown_signal_1               0x00000187   Thumb Code     0  libshutdown2.o(.ARM.Collect$$libshutdown$$00000009)
    __rt_lib_shutdown_stdio_1                0x00000187   Thumb Code     0  libshutdown2.o(.ARM.Collect$$libshutdown$$00000003)
    __rt_lib_shutdown_user_alloc_1           0x00000187   Thumb Code     0  libshutdown2.o(.ARM.Collect$$libshutdown$$0000000B)
    __rt_entry                               0x00000189   Thumb Code     0  rtentry.o(.ARM.Collect$$rtentry$$00000000)
    __rt_entry_presh_1                       0x00000189   Thumb Code     0  rtentry2.o(.ARM.Collect$$rtentry$$00000002)
    __rt_entry_sh                            0x00000189   Thumb Code     0  rtentry4.o(.ARM.Collect$$rtentry$$00000004)
    __rt_entry_li                            0x0000018f   Thumb Code     0  rtentry2.o(.ARM.Collect$$rtentry$$0000000A)
    __rt_entry_postsh_1                      0x0000018f   Thumb Code     0  rtentry2.o(.ARM.Collect$$rtentry$$00000009)
    __rt_entry_main                          0x00000193   Thumb Code     0  rtentry2.o(.ARM.Collect$$rtentry$$0000000D)
    __rt_entry_postli_1                      0x00000193   Thumb Code     0  rtentry2.o(.ARM.Collect$$rtentry$$0000000C)
    __rt_exit                                0x0000019b   Thumb Code     0  rtexit.o(.ARM.Collect$$rtexit$$00000000)
    __rt_exit_ls                             0x0000019d   Thumb Code     0  rtexit2.o(.ARM.Collect$$rtexit$$00000003)
    __rt_exit_prels_1                        0x0000019d   Thumb Code     0  rtexit2.o(.ARM.Collect$$rtexit$$00000002)
    __rt_exit_exit                           0x000001a1   Thumb Code     0  rtexit2.o(.ARM.Collect$$rtexit$$00000004)
    CLKPWR_SetPCLKDiv                        0x000001a9   Thumb Code   106  lpc17xx_clkpwr.o(.text)
    CLKPWR_GetPCLKSEL                        0x00000213   Thumb Code    32  lpc17xx_clkpwr.o(.text)
    CLKPWR_GetPCLK                           0x00000233   Thumb Code    58  lpc17xx_clkpwr.o(.text)
    CLKPWR_ConfigPPWR                        0x0000026d   Thumb Code    50  lpc17xx_clkpwr.o(.text)
    CLKPWR_Sleep                             0x0000029f   Thumb Code    10  lpc17xx_clkpwr.o(.text)
    CLKPWR_DeepSleep                         0x000002a9   Thumb Code    16  lpc17xx_clkpwr.o(.text)
    CLKPWR_PowerDown                         0x000002b9   Thumb Code    16  lpc17xx_clkpwr.o(.text)
    CLKPWR_DeepPowerDown                     0x000002c9   Thumb Code    16  lpc17xx_clkpwr.o(.text)
    check_failed                             0x000002f9   Thumb Code     4  lpc17xx_libcfg_default.o(.text)
    parse_Message                            0x00000321   Thumb Code   300  main.o(.text)
    Init_Timer1                              0x0000044d   Thumb Code    74  main.o(.text)
    Init_Timer0                              0x00000497   Thumb Code    80  main.o(.text)
    Serials_Init                             0x000004e7   Thumb Code    70  main.o(.text)
    Encoder_Initialling                      0x0000052d   Thumb Code    28  main.o(.text)
    IO_Initialling                           0x00000549   Thumb Code   118  main.o(.text)
    main                                     0x000005bf   Thumb Code   520  main.o(.text)
    parse_Message_PC                         0x000007c7   Thumb Code   286  main.o(.text)
    TIMER0_IRQHandler                        0x000008e5   Thumb Code   156  main.o(.text)
    TIMER1_IRQHandler                        0x00000981   Thumb Code   166  main.o(.text)
    IO_InitUnUsedPins                        0x00000a27   Thumb Code   654  main.o(.text)
    UART2_IRQHandler                         0x00000cb5   Thumb Code    74  main.o(.text)
    UART1_IRQHandler                         0x00000cff   Thumb Code    74  main.o(.text)
    UART0_IRQHandler                         0x00000d49   Thumb Code    62  main.o(.text)
    UART3_IRQHandler                         0x00000d87   Thumb Code    62  main.o(.text)
    EINT3_IRQHandler                         0x00000dc5   Thumb Code    20  main.o(.text)
    parseByte_                               0x00000e2d   Thumb Code   164  messaging.o(.text)
    parseByte                                0x00000ed1   Thumb Code   222  messaging.o(.text)
    gen_crc16                                0x00000faf   Thumb Code   128  messaging.o(.text)
    Make_Trans_Msg                           0x0000102f   Thumb Code   112  messaging.o(.text)
    pinConfig                                0x000010ed   Thumb Code    24  user_gpio.o(.text)
    pinOn                                    0x00001105   Thumb Code    22  user_gpio.o(.text)
    pinOff                                   0x0000111b   Thumb Code    22  user_gpio.o(.text)
    pinStatus                                0x00001131   Thumb Code    30  user_gpio.o(.text)
    pinToggle                                0x0000114f   Thumb Code    46  user_gpio.o(.text)
    pinSet                                   0x0000117d   Thumb Code    28  user_gpio.o(.text)
    GPIOINT_Init                             0x00001199   Thumb Code   178  user_gpio.o(.text)
    GPIO_IntCheck                            0x0000124b   Thumb Code    40  user_gpio.o(.text)
    UARTNumExtract                           0x000012b9   Thumb Code    46  user_uart.o(.text)
    UART_IntReceive                          0x000012e7   Thumb Code   178  user_uart.o(.text)
    UART_IntTransmit                         0x00001399   Thumb Code   240  user_uart.o(.text)
    UART_IntErr                              0x00001489   Thumb Code     2  user_uart.o(.text)
    UART_ConfigStruct                        0x0000148b   Thumb Code    14  user_uart.o(.text)
    Com_Init                                 0x00001499   Thumb Code   454  user_uart.o(.text)
    UARTSend                                 0x0000165f   Thumb Code   226  user_uart.o(.text)
    UARTSend_AC                              0x00001741   Thumb Code   194  user_uart.o(.text)
    UARTReceive                              0x00001803   Thumb Code   178  user_uart.o(.text)
    Send_uint_AC                             0x000018b5   Thumb Code    50  user_uart.o(.text)
    Calculate_CRC                            0x0000190d   Thumb Code    74  ac_motordrivermsg.o(.text)
    make_AC_Msg                              0x00001957   Thumb Code   112  ac_motordrivermsg.o(.text)
    AC_Stop_msg                              0x000019c7   Thumb Code    22  ac_motordrivermsg.o(.text)
    AC_Forward_msg                           0x000019dd   Thumb Code    24  ac_motordrivermsg.o(.text)
    AC_Reverse_msg                           0x000019f5   Thumb Code    24  ac_motordrivermsg.o(.text)
    AC_Freq_msg                              0x00001a0d   Thumb Code    46  ac_motordrivermsg.o(.text)
    AC_Accel_msg                             0x00001a3b   Thumb Code    26  ac_motordrivermsg.o(.text)
    AC_Decel_msg                             0x00001a55   Thumb Code    26  ac_motordrivermsg.o(.text)
    gen_crc16_PC2Rot                         0x00001a7d   Thumb Code   128  messaging_pc.o(.text)
    parseByte_PC                             0x00001afd   Thumb Code   256  messaging_pc.o(.text)
    Make_Trans_Msg_PC2Rot                    0x00001bfd   Thumb Code   112  messaging_pc.o(.text)
    GPIO_SetDir                              0x00001d2d   Thumb Code    40  lpc17xx_gpio.o(.text)
    GPIO_SetValue                            0x00001d55   Thumb Code    20  lpc17xx_gpio.o(.text)
    GPIO_ClearValue                          0x00001d69   Thumb Code    20  lpc17xx_gpio.o(.text)
    GPIO_ReadValue                           0x00001d7d   Thumb Code    22  lpc17xx_gpio.o(.text)
    GPIO_IntCmd                              0x00001d93   Thumb Code    54  lpc17xx_gpio.o(.text)
    GPIO_GetIntStatus                        0x00001dc9   Thumb Code    86  lpc17xx_gpio.o(.text)
    GPIO_ClearInt                            0x00001e1f   Thumb Code    24  lpc17xx_gpio.o(.text)
    FIO_SetDir                               0x00001e37   Thumb Code    20  lpc17xx_gpio.o(.text)
    FIO_SetValue                             0x00001e4b   Thumb Code    16  lpc17xx_gpio.o(.text)
    FIO_ClearValue                           0x00001e5b   Thumb Code    16  lpc17xx_gpio.o(.text)
    FIO_ReadValue                            0x00001e6b   Thumb Code    12  lpc17xx_gpio.o(.text)
    FIO_IntCmd                               0x00001e77   Thumb Code    20  lpc17xx_gpio.o(.text)
    FIO_GetIntStatus                         0x00001e8b   Thumb Code    20  lpc17xx_gpio.o(.text)
    FIO_ClearInt                             0x00001e9f   Thumb Code    16  lpc17xx_gpio.o(.text)
    FIO_SetMask                              0x00001eaf   Thumb Code    40  lpc17xx_gpio.o(.text)
    FIO_HalfWordSetDir                       0x00001ed7   Thumb Code    62  lpc17xx_gpio.o(.text)
    FIO_HalfWordSetMask                      0x00001f15   Thumb Code    62  lpc17xx_gpio.o(.text)
    FIO_HalfWordSetValue                     0x00001f53   Thumb Code    32  lpc17xx_gpio.o(.text)
    FIO_HalfWordClearValue                   0x00001f73   Thumb Code    32  lpc17xx_gpio.o(.text)
    FIO_HalfWordReadValue                    0x00001f93   Thumb Code    30  lpc17xx_gpio.o(.text)
    FIO_ByteSetDir                           0x00001fb1   Thumb Code    50  lpc17xx_gpio.o(.text)
    FIO_ByteSetMask                          0x00001fe3   Thumb Code    66  lpc17xx_gpio.o(.text)
    FIO_ByteSetValue                         0x00002025   Thumb Code    34  lpc17xx_gpio.o(.text)
    FIO_ByteClearValue                       0x00002047   Thumb Code    34  lpc17xx_gpio.o(.text)
    FIO_ByteReadValue                        0x00002069   Thumb Code    76  lpc17xx_gpio.o(.text)
    PINSEL_ConfigTraceFunc                   0x0000215b   Thumb Code    34  lpc17xx_pinsel.o(.text)
    PINSEL_SetI2C0Pins                       0x0000217d   Thumb Code    16  lpc17xx_pinsel.o(.text)
    PINSEL_ConfigPin                         0x0000218d   Thumb Code    36  lpc17xx_pinsel.o(.text)
    TIM_GetIntStatus                         0x00002257   Thumb Code    92  lpc17xx_timer.o(.text)
    TIM_GetIntCaptureStatus                  0x000022b3   Thumb Code    94  lpc17xx_timer.o(.text)
    TIM_ClearIntPending                      0x00002311   Thumb Code    80  lpc17xx_timer.o(.text)
    TIM_ClearIntCapturePending               0x00002361   Thumb Code    82  lpc17xx_timer.o(.text)
    TIM_ConfigStructInit                     0x000023b3   Thumb Code    22  lpc17xx_timer.o(.text)
    TIM_Init                                 0x000023c9   Thumb Code   272  lpc17xx_timer.o(.text)
    TIM_DeInit                               0x000024d9   Thumb Code   112  lpc17xx_timer.o(.text)
    TIM_Cmd                                  0x00002549   Thumb Code    66  lpc17xx_timer.o(.text)
    TIM_ResetCounter                         0x0000258b   Thumb Code    58  lpc17xx_timer.o(.text)
    TIM_ConfigMatch                          0x000025c5   Thumb Code   302  lpc17xx_timer.o(.text)
    TIM_UpdateMatchValue                     0x000026f3   Thumb Code    86  lpc17xx_timer.o(.text)
    TIM_ConfigCapture                        0x00002749   Thumb Code   126  lpc17xx_timer.o(.text)
    TIM_GetCaptureValue                      0x000027c7   Thumb Code    74  lpc17xx_timer.o(.text)
    UART_Init                                0x000029ed   Thumb Code   482  lpc17xx_uart.o(.text)
    UART_TxCmd                               0x00002bcf   Thumb Code   182  lpc17xx_uart.o(.text)
    UART_DeInit                              0x00002c85   Thumb Code   112  lpc17xx_uart.o(.text)
    UART_ConfigStructInit                    0x00002cf5   Thumb Code    18  lpc17xx_uart.o(.text)
    UART_SendByte                            0x00002d07   Thumb Code    58  lpc17xx_uart.o(.text)
    UART_ReceiveByte                         0x00002d41   Thumb Code    56  lpc17xx_uart.o(.text)
    UART_Send                                0x00002d79   Thumb Code   150  lpc17xx_uart.o(.text)
    UART_Receive                             0x00002e0f   Thumb Code   122  lpc17xx_uart.o(.text)
    UART_ForceBreak                          0x00002e89   Thumb Code    68  lpc17xx_uart.o(.text)
    UART_IntConfig                           0x00002ecd   Thumb Code   260  lpc17xx_uart.o(.text)
    UART_GetLineStatus                       0x00002fd1   Thumb Code    56  lpc17xx_uart.o(.text)
    UART_GetIntId                            0x00003009   Thumb Code    52  lpc17xx_uart.o(.text)
    UART_CheckBusy                           0x0000303d   Thumb Code    36  lpc17xx_uart.o(.text)
    UART_FIFOConfig                          0x00003061   Thumb Code   254  lpc17xx_uart.o(.text)
    UART_FIFOConfigStructInit                0x0000315f   Thumb Code    14  lpc17xx_uart.o(.text)
    UART_ABCmd                               0x0000316d   Thumb Code   192  lpc17xx_uart.o(.text)
    UART_ABClearIntPending                   0x0000322d   Thumb Code    66  lpc17xx_uart.o(.text)
    UART_IrDAInvtInputCmd                    0x0000326f   Thumb Code    80  lpc17xx_uart.o(.text)
    UART_IrDACmd                             0x000032bf   Thumb Code    78  lpc17xx_uart.o(.text)
    UART_IrDAPulseDivConfig                  0x0000330d   Thumb Code   102  lpc17xx_uart.o(.text)
    UART_FullModemForcePinState              0x00003373   Thumb Code   118  lpc17xx_uart.o(.text)
    UART_FullModemConfigMode                 0x000033e9   Thumb Code   146  lpc17xx_uart.o(.text)
    UART_FullModemGetStatus                  0x0000347b   Thumb Code    28  lpc17xx_uart.o(.text)
    UART_RS485Config                         0x00003497   Thumb Code   300  lpc17xx_uart.o(.text)
    UART_RS485ReceiverCmd                    0x000035c3   Thumb Code    32  lpc17xx_uart.o(.text)
    UART_RS485Send                           0x000035e3   Thumb Code    84  lpc17xx_uart.o(.text)
    UART_RS485SendSlvAddr                    0x00003637   Thumb Code    18  lpc17xx_uart.o(.text)
    UART_RS485SendData                       0x00003649   Thumb Code    22  lpc17xx_uart.o(.text)
    Reset_Handler                            0x00003665   Thumb Code     8  startup_lpc17xx.o(.text)
    NMI_Handler                              0x0000366d   Thumb Code     2  startup_lpc17xx.o(.text)
    HardFault_Handler                        0x0000366f   Thumb Code     2  startup_lpc17xx.o(.text)
    MemManage_Handler                        0x00003671   Thumb Code     2  startup_lpc17xx.o(.text)
    BusFault_Handler                         0x00003673   Thumb Code     2  startup_lpc17xx.o(.text)
    UsageFault_Handler                       0x00003675   Thumb Code     2  startup_lpc17xx.o(.text)
    SVC_Handler                              0x00003677   Thumb Code     2  startup_lpc17xx.o(.text)
    DebugMon_Handler                         0x00003679   Thumb Code     2  startup_lpc17xx.o(.text)
    PendSV_Handler                           0x0000367b   Thumb Code     2  startup_lpc17xx.o(.text)
    SysTick_Handler                          0x0000367d   Thumb Code     2  startup_lpc17xx.o(.text)
    ADC_IRQHandler                           0x0000367f   Thumb Code     0  startup_lpc17xx.o(.text)
    BOD_IRQHandler                           0x0000367f   Thumb Code     0  startup_lpc17xx.o(.text)
    CANActivity_IRQHandler                   0x0000367f   Thumb Code     0  startup_lpc17xx.o(.text)
    CAN_IRQHandler                           0x0000367f   Thumb Code     0  startup_lpc17xx.o(.text)
    DMA_IRQHandler                           0x0000367f   Thumb Code     0  startup_lpc17xx.o(.text)
    EINT0_IRQHandler                         0x0000367f   Thumb Code     0  startup_lpc17xx.o(.text)
    EINT1_IRQHandler                         0x0000367f   Thumb Code     0  startup_lpc17xx.o(.text)
    EINT2_IRQHandler                         0x0000367f   Thumb Code     0  startup_lpc17xx.o(.text)
    ENET_IRQHandler                          0x0000367f   Thumb Code     0  startup_lpc17xx.o(.text)
    I2C0_IRQHandler                          0x0000367f   Thumb Code     0  startup_lpc17xx.o(.text)
    I2C1_IRQHandler                          0x0000367f   Thumb Code     0  startup_lpc17xx.o(.text)
    I2C2_IRQHandler                          0x0000367f   Thumb Code     0  startup_lpc17xx.o(.text)
    I2S_IRQHandler                           0x0000367f   Thumb Code     0  startup_lpc17xx.o(.text)
    MCPWM_IRQHandler                         0x0000367f   Thumb Code     0  startup_lpc17xx.o(.text)
    PLL0_IRQHandler                          0x0000367f   Thumb Code     0  startup_lpc17xx.o(.text)
    PLL1_IRQHandler                          0x0000367f   Thumb Code     0  startup_lpc17xx.o(.text)
    PWM1_IRQHandler                          0x0000367f   Thumb Code     0  startup_lpc17xx.o(.text)
    QEI_IRQHandler                           0x0000367f   Thumb Code     0  startup_lpc17xx.o(.text)
    RIT_IRQHandler                           0x0000367f   Thumb Code     0  startup_lpc17xx.o(.text)
    RTC_IRQHandler                           0x0000367f   Thumb Code     0  startup_lpc17xx.o(.text)
    SPI_IRQHandler                           0x0000367f   Thumb Code     0  startup_lpc17xx.o(.text)
    SSP0_IRQHandler                          0x0000367f   Thumb Code     0  startup_lpc17xx.o(.text)
    SSP1_IRQHandler                          0x0000367f   Thumb Code     0  startup_lpc17xx.o(.text)
    TIMER2_IRQHandler                        0x0000367f   Thumb Code     0  startup_lpc17xx.o(.text)
    TIMER3_IRQHandler                        0x0000367f   Thumb Code     0  startup_lpc17xx.o(.text)
    USBActivity_IRQHandler                   0x0000367f   Thumb Code     0  startup_lpc17xx.o(.text)
    USB_IRQHandler                           0x0000367f   Thumb Code     0  startup_lpc17xx.o(.text)
    WDT_IRQHandler                           0x0000367f   Thumb Code     0  startup_lpc17xx.o(.text)
    __user_initial_stackheap                 0x00003681   Thumb Code     0  startup_lpc17xx.o(.text)
    SystemCoreClockUpdate                    0x000036a1   Thumb Code   424  system_lpc17xx.o(.text)
    SystemInit                               0x00003849   Thumb Code   290  system_lpc17xx.o(.text)
    __aeabi_uldivmod                         0x000039b9   Thumb Code     0  lludivv7m.o(.text)
    _ll_udiv                                 0x000039b9   Thumb Code   238  lludivv7m.o(.text)
    __aeabi_memcpy4                          0x00003aa7   Thumb Code     0  rt_memcpy_w.o(.text)
    __aeabi_memcpy8                          0x00003aa7   Thumb Code     0  rt_memcpy_w.o(.text)
    __rt_memcpy_w                            0x00003aa7   Thumb Code   100  rt_memcpy_w.o(.text)
    _memcpy_lastbytes_aligned                0x00003aef   Thumb Code     0  rt_memcpy_w.o(.text)
    __use_two_region_memory                  0x00003b0b   Thumb Code     2  heapauxi.o(.text)
    __rt_heap_escrow$2region                 0x00003b0d   Thumb Code     2  heapauxi.o(.text)
    __rt_heap_expand$2region                 0x00003b0f   Thumb Code     2  heapauxi.o(.text)
    __user_setup_stackheap                   0x00003b11   Thumb Code    74  sys_stackheap_outer.o(.text)
    exit                                     0x00003b5b   Thumb Code    12  exit.o(.text)
    __user_libspace                          0x00003b69   Thumb Code     8  libspace.o(.text)
    __user_perproc_libspace                  0x00003b69   Thumb Code     0  libspace.o(.text)
    __user_perthread_libspace                0x00003b69   Thumb Code     0  libspace.o(.text)
    _sys_exit                                0x00003b71   Thumb Code     8  sys_exit.o(.text)
    __I$use$semihosting                      0x00003b7d   Thumb Code     0  use_no_semi.o(.text)
    __use_no_semihosting_swi                 0x00003b7d   Thumb Code     2  use_no_semi.o(.text)
    __semihosting_library_function           0x00003b7f   Thumb Code     0  indicate_semi.o(.text)
    Region$$Table$$Base                      0x00003b80   Number         0  anon$$obj.o(Region$$Table)
    Region$$Table$$Limit                     0x00003ba0   Number         0  anon$$obj.o(Region$$Table)
    timer0_flag                              0x10000000   Data           1  main.o(.data)
    timer1_flag                              0x10000001   Data           1  main.o(.data)
    LEDStatus                                0x10000002   Data           1  main.o(.data)
    Button_1                                 0x10000004   Data          12  main.o(.data)
    Button_2                                 0x10000010   Data          12  main.o(.data)
    Button_3                                 0x1000001c   Data          12  main.o(.data)
    Button_4                                 0x10000028   Data          12  main.o(.data)
    LED_1                                    0x10000034   Data          12  main.o(.data)
    LED_2                                    0x10000040   Data          12  main.o(.data)
    LED_3_rcvRF                              0x1000004c   Data          12  main.o(.data)
    LED_4_trs2PC                             0x10000058   Data          12  main.o(.data)
    LED_5                                    0x10000064   Data          12  main.o(.data)
    LED_6                                    0x10000070   Data          12  main.o(.data)
    LED_7                                    0x1000007c   Data          12  main.o(.data)
    LED_8                                    0x10000088   Data          12  main.o(.data)
    encoderData                              0x10000094   Data          12  main.o(.data)
    encoderClock                             0x100000a0   Data          12  main.o(.data)
    proxyPin                                 0x100000ac   Data          12  main.o(.data)
    UnUseP0_17                               0x100000b8   Data          12  main.o(.data)
    UnUseP0_18                               0x100000c4   Data          12  main.o(.data)
    UnUseP0_19                               0x100000d0   Data          12  main.o(.data)
    UnUseP0_21                               0x100000dc   Data          12  main.o(.data)
    UnUseP0_22                               0x100000e8   Data          12  main.o(.data)
    UnUseP0_23                               0x100000f4   Data          12  main.o(.data)
    UnUseP0_24                               0x10000100   Data          12  main.o(.data)
    UnUseP0_26                               0x1000010c   Data          12  main.o(.data)
    UnUseP0_27_SDA0                          0x10000118   Data          12  main.o(.data)
    UnUseP0_28_SCL0                          0x10000124   Data          12  main.o(.data)
    UnUseP1_16                               0x10000130   Data          12  main.o(.data)
    UnUseP1_17                               0x1000013c   Data          12  main.o(.data)
    UnUseP1_19                               0x10000148   Data          12  main.o(.data)
    UnUseP1_20                               0x10000154   Data          12  main.o(.data)
    UnUseP1_21_SCK0                          0x10000160   Data          12  main.o(.data)
    UnUseP1_22_SSEL0                         0x1000016c   Data          12  main.o(.data)
    UnUseP1_23_MISO0                         0x10000178   Data          12  main.o(.data)
    UnUseP1_24_MOSI0                         0x10000184   Data          12  main.o(.data)
    UnUseP1_25_MOSI_SPin                     0x10000190   Data          12  main.o(.data)
    UnUseP1_29                               0x1000019c   Data          12  main.o(.data)
    UnUseP1_30_VAnalog1                      0x100001a8   Data          12  main.o(.data)
    UnUseP1_31_VAnalog2                      0x100001b4   Data          12  main.o(.data)
    UnUseP2_0                                0x100001c0   Data          12  main.o(.data)
    UnUseP2_1                                0x100001cc   Data          12  main.o(.data)
    UnUseP2_2                                0x100001d8   Data          12  main.o(.data)
    UnUseP2_3                                0x100001e4   Data          12  main.o(.data)
    UnUseP2_4                                0x100001f0   Data          12  main.o(.data)
    UnUseP2_5                                0x100001fc   Data          12  main.o(.data)
    UnUseP2_6                                0x10000208   Data          12  main.o(.data)
    UnUseP2_7                                0x10000214   Data          12  main.o(.data)
    UnUseP2_8                                0x10000220   Data          12  main.o(.data)
    UnUseP2_9                                0x1000022c   Data          12  main.o(.data)
    UnUseP4_28                               0x10000238   Data          12  main.o(.data)
    UnUseP4_29                               0x10000244   Data          12  main.o(.data)
    UnUseP3_26                               0x10000250   Data          12  main.o(.data)
    aliveConnectionFlg                       0x1000025c   Data           1  main.o(.data)
    Cnt_timer0                               0x10000260   Data           4  main.o(.data)
    Cnt_timer1                               0x10000264   Data           4  main.o(.data)
    Cnt                                      0x10000268   Data           4  main.o(.data)
    ReadDataFlg                              0x1000026c   Data           1  main.o(.data)
    Degree                                   0x1000026e   Data           2  main.o(.data)
    Rev                                      0x10000270   Data           2  main.o(.data)
    RefDegree                                0x10000272   Data           2  main.o(.data)
    RefRev                                   0x10000274   Data           2  main.o(.data)
    readRef_Enc                              0x10000276   Data           1  main.o(.data)
    Encoder_Data                             0x10000278   Data           4  main.o(.data)
    mn                                       0x1000027c   Data         250  main.o(.data)
    maxBuff                                  0x10000376   Data           1  main.o(.data)
    rcvLen                                   0x10000378   Data           4  main.o(.data)
    cntBuffLen                               0x1000037c   Data           4  main.o(.data)
    feedWDflage                              0x10000380   Data           1  main.o(.data)
    CntTest                                  0x10000384   Data           4  main.o(.data)
    msgv                                     0x10000388   Data           2  main.o(.data)
    oneSendInTwo                             0x1000038c   Data           4  main.o(.data)
    cntTimer_1                               0x10000390   Data           4  main.o(.data)
    CntTimer1_LED                            0x10000394   Data           4  main.o(.data)
    flageLED                                 0x10000398   Data           1  main.o(.data)
    kkTest                                   0x10000399   Data           1  main.o(.data)
    ind                                      0x1000039c   Data           4  main.o(.data)
    TIM_ConfigStruct                         0x100003a0   Data           8  main.o(.data)
    proxyStateFlag                           0x100003a8   Data           1  main.o(.data)
    motorStartFlag                           0x100003a9   Data           1  main.o(.data)
    motorStateFlag                           0x100003aa   Data           1  main.o(.data)
    er_status                                0x100003ab   Data           1  main.o(.data)
    u8to16                                   0x100003ac   Data           2  main.o(.data)
    temp                                     0x100003ae   Data           5  main.o(.data)
    PC_Sent_Interval_cnt                     0x100003b4   Data           4  main.o(.data)
    temp_RefRev                              0x100003b8   Data           2  main.o(.data)
    temp_RefDeg                              0x100003ba   Data           2  main.o(.data)
    AC_ID                                    0x100003bc   Data           1  main.o(.data)
    u16_temp                                 0x100003be   Data           2  main.o(.data)
    _syncArrayTemp                           0x100003c0   Data           2  messaging.o(.data)
    flageMCU_RotaryAlive                     0x100003c2   Data           1  messaging.o(.data)
    CntMCU_RotaryAlive                       0x100003c3   Data           1  messaging.o(.data)
    Receive_Check_Sum                        0x100003c4   Data           1  messaging.o(.data)
    Message_Index                            0x100003c8   Data           4  messaging.o(.data)
    Transmit_Check_Sum                       0x100003cc   Data           1  messaging.o(.data)
    Message_Status                           0x100003cd   Data           1  messaging.o(.data)
    Message_ID                               0x100003ce   Data           1  messaging.o(.data)
    Message_Length                           0x100003cf   Data           1  messaging.o(.data)
    u8_16                                    0x100003d0   Data           2  messaging.o(.data)
    systickcnt                               0x100003d4   Data           4  user_uart.o(.data)
    TxIntStat                                0x100003d8   Data           4  user_uart.o(.data)
    output_crc                               0x100003dc   Data           4  ac_motordrivermsg.o(.data)
    input_crc                                0x100003e0   Data           6  ac_motordrivermsg.o(.data)
    cntCRC                                   0x100003e8   Data           1  messaging_pc.o(.data)
    Message_Index_PC                         0x100003ec   Data           4  messaging_pc.o(.data)
    Message_ID_PC                            0x100003f0   Data           1  messaging_pc.o(.data)
    Message_Length_PC                        0x100003f1   Data           1  messaging_pc.o(.data)
    Message_Status_PC                        0x100003f2   Data           1  messaging_pc.o(.data)
    u8_16_PC                                 0x100003f4   Data           2  messaging_pc.o(.data)
    SystemCoreClock                          0x100003f8   Data           4  system_lpc17xx.o(.data)
    nn                                       0x100003fc   Data         250  main.o(.bss)
    TIM_MatchConfigStruct                    0x100004f8   Data          12  main.o(.bss)
    myData                                   0x10000504   Data         100  main.o(.bss)
    dataBuf                                  0x10000568   Data         200  main.o(.bss)
    Message                                  0x10000630   Data         252  messaging.o(.bss)
    _msg                                     0x1000072c   Data         250  messaging.o(.bss)
    _msg_trans                               0x10000826   Data         250  messaging.o(.bss)
    rb                                       0x10000920   Data        2128  user_uart.o(.bss)
    Send_MSG                                 0x10001170   Data          10  ac_motordrivermsg.o(.bss)
    Message_PC                               0x1000117c   Data         252  messaging_pc.o(.bss)
    _msg_PC                                  0x10001278   Data         250  messaging_pc.o(.bss)
    _msg_trans_PC                            0x10001372   Data         250  messaging_pc.o(.bss)
    __libspace_start                         0x1000146c   Data          96  libspace.o(.bss)
    __temporary_stack_top$libspace           0x100014cc   Data           0  libspace.o(.bss)



==============================================================================

Memory Map of the image

  Image Entry point : 0x000000cd

  Load Region LR_IROM1 (Base: 0x00000000, Size: 0x00003f9c, Max: 0x00080000, ABSOLUTE, COMPRESSED[0x00003c5c])

    Execution Region ER_IROM1 (Base: 0x00000000, Size: 0x00003ba0, Max: 0x00080000, ABSOLUTE)

    Base Addr    Size         Type   Attr      Idx    E Section Name        Object

    0x00000000   0x000000cc   Data   RO          541    RESET               startup_lpc17xx.o
    0x000000cc   0x00000008   Code   RO          583  * !!!main             c_w.l(__main.o)
    0x000000d4   0x00000034   Code   RO          782    !!!scatter          c_w.l(__scatter.o)
    0x00000108   0x0000005a   Code   RO          780    !!dczerorl2         c_w.l(__dczerorl2.o)
    0x00000162   0x00000002   PAD
    0x00000164   0x0000001c   Code   RO          784    !!handler_zi        c_w.l(__scatter_zi.o)
    0x00000180   0x00000002   Code   RO          653    .ARM.Collect$$libinit$$00000000  c_w.l(libinit.o)
    0x00000182   0x00000000   Code   RO          666    .ARM.Collect$$libinit$$00000002  c_w.l(libinit2.o)
    0x00000182   0x00000000   Code   RO          669    .ARM.Collect$$libinit$$00000008  c_w.l(libinit2.o)
    0x00000182   0x00000000   Code   RO          671    .ARM.Collect$$libinit$$0000000A  c_w.l(libinit2.o)
    0x00000182   0x00000000   Code   RO          673    .ARM.Collect$$libinit$$0000000C  c_w.l(libinit2.o)
    0x00000182   0x00000000   Code   RO          676    .ARM.Collect$$libinit$$0000000F  c_w.l(libinit2.o)
    0x00000182   0x00000000   Code   RO          678    .ARM.Collect$$libinit$$00000011  c_w.l(libinit2.o)
    0x00000182   0x00000000   Code   RO          680    .ARM.Collect$$libinit$$00000013  c_w.l(libinit2.o)
    0x00000182   0x00000000   Code   RO          682    .ARM.Collect$$libinit$$00000015  c_w.l(libinit2.o)
    0x00000182   0x00000000   Code   RO          684    .ARM.Collect$$libinit$$00000017  c_w.l(libinit2.o)
    0x00000182   0x00000000   Code   RO          686    .ARM.Collect$$libinit$$00000019  c_w.l(libinit2.o)
    0x00000182   0x00000000   Code   RO          688    .ARM.Collect$$libinit$$0000001B  c_w.l(libinit2.o)
    0x00000182   0x00000000   Code   RO          690    .ARM.Collect$$libinit$$0000001D  c_w.l(libinit2.o)
    0x00000182   0x00000000   Code   RO          692    .ARM.Collect$$libinit$$0000001F  c_w.l(libinit2.o)
    0x00000182   0x00000000   Code   RO          694    .ARM.Collect$$libinit$$00000021  c_w.l(libinit2.o)
    0x00000182   0x00000000   Code   RO          696    .ARM.Collect$$libinit$$00000023  c_w.l(libinit2.o)
    0x00000182   0x00000000   Code   RO          700    .ARM.Collect$$libinit$$0000002A  c_w.l(libinit2.o)
    0x00000182   0x00000000   Code   RO          702    .ARM.Collect$$libinit$$0000002C  c_w.l(libinit2.o)
    0x00000182   0x00000000   Code   RO          704    .ARM.Collect$$libinit$$0000002E  c_w.l(libinit2.o)
    0x00000182   0x00000000   Code   RO          706    .ARM.Collect$$libinit$$00000030  c_w.l(libinit2.o)
    0x00000182   0x00000002   Code   RO          707    .ARM.Collect$$libinit$$00000031  c_w.l(libinit2.o)
    0x00000184   0x00000002   Code   RO          738    .ARM.Collect$$libshutdown$$00000000  c_w.l(libshutdown.o)
    0x00000186   0x00000000   Code   RO          765    .ARM.Collect$$libshutdown$$00000003  c_w.l(libshutdown2.o)
    0x00000186   0x00000000   Code   RO          768    .ARM.Collect$$libshutdown$$00000006  c_w.l(libshutdown2.o)
    0x00000186   0x00000000   Code   RO          771    .ARM.Collect$$libshutdown$$00000009  c_w.l(libshutdown2.o)
    0x00000186   0x00000000   Code   RO          773    .ARM.Collect$$libshutdown$$0000000B  c_w.l(libshutdown2.o)
    0x00000186   0x00000000   Code   RO          776    .ARM.Collect$$libshutdown$$0000000E  c_w.l(libshutdown2.o)
    0x00000186   0x00000002   Code   RO          777    .ARM.Collect$$libshutdown$$0000000F  c_w.l(libshutdown2.o)
    0x00000188   0x00000000   Code   RO          605    .ARM.Collect$$rtentry$$00000000  c_w.l(rtentry.o)
    0x00000188   0x00000000   Code   RO          622    .ARM.Collect$$rtentry$$00000002  c_w.l(rtentry2.o)
    0x00000188   0x00000006   Code   RO          634    .ARM.Collect$$rtentry$$00000004  c_w.l(rtentry4.o)
    0x0000018e   0x00000000   Code   RO          624    .ARM.Collect$$rtentry$$00000009  c_w.l(rtentry2.o)
    0x0000018e   0x00000004   Code   RO          625    .ARM.Collect$$rtentry$$0000000A  c_w.l(rtentry2.o)
    0x00000192   0x00000000   Code   RO          627    .ARM.Collect$$rtentry$$0000000C  c_w.l(rtentry2.o)
    0x00000192   0x00000008   Code   RO          628    .ARM.Collect$$rtentry$$0000000D  c_w.l(rtentry2.o)
    0x0000019a   0x00000002   Code   RO          657    .ARM.Collect$$rtexit$$00000000  c_w.l(rtexit.o)
    0x0000019c   0x00000000   Code   RO          711    .ARM.Collect$$rtexit$$00000002  c_w.l(rtexit2.o)
    0x0000019c   0x00000004   Code   RO          712    .ARM.Collect$$rtexit$$00000003  c_w.l(rtexit2.o)
    0x000001a0   0x00000006   Code   RO          713    .ARM.Collect$$rtexit$$00000004  c_w.l(rtexit2.o)
    0x000001a6   0x00000002   PAD
    0x000001a8   0x00000150   Code   RO          340    .text               lpc17xx_clkpwr.o
    0x000002f8   0x00000004   Code   RO          527    .text               lpc17xx_libcfg_default.o
    0x000002fc   0x00000004   Code   RO          542    .ARM.__at_0x02FC    startup_lpc17xx.o
    0x00000300   0x00000b2c   Code   RO            3    .text               main.o
    0x00000e2c   0x000002a0   Code   RO           99    .text               messaging.o
    0x000010cc   0x000001cc   Code   RO          140    .text               user_gpio.o
    0x00001298   0x00000674   Code   RO          164    .text               user_uart.o
    0x0000190c   0x00000170   Code   RO          199    .text               ac_motordrivermsg.o
    0x00001a7c   0x00000214   Code   RO          215    .text               messaging_pc.o
    0x00001c90   0x00000424   Code   RO          380    .text               lpc17xx_gpio.o
    0x000020b4   0x00000100   Code   RO          446    .text               lpc17xx_pinsel.o
    0x000021b4   0x00000668   Code   RO          489    .text               lpc17xx_timer.o
    0x0000281c   0x00000e48   Code   RO          509    .text               lpc17xx_uart.o
    0x00003664   0x0000003c   Code   RO          543    .text               startup_lpc17xx.o
    0x000036a0   0x00000318   Code   RO          551    .text               system_lpc17xx.o
    0x000039b8   0x000000ee   Code   RO          577    .text               c_w.l(lludivv7m.o)
    0x00003aa6   0x00000064   Code   RO          579    .text               c_w.l(rt_memcpy_w.o)
    0x00003b0a   0x00000006   Code   RO          581    .text               c_w.l(heapauxi.o)
    0x00003b10   0x0000004a   Code   RO          640    .text               c_w.l(sys_stackheap_outer.o)
    0x00003b5a   0x0000000c   Code   RO          642    .text               c_w.l(exit.o)
    0x00003b66   0x00000002   PAD
    0x00003b68   0x00000008   Code   RO          654    .text               c_w.l(libspace.o)
    0x00003b70   0x0000000c   Code   RO          708    .text               c_w.l(sys_exit.o)
    0x00003b7c   0x00000002   Code   RO          727    .text               c_w.l(use_no_semi.o)
    0x00003b7e   0x00000000   Code   RO          729    .text               c_w.l(indicate_semi.o)
    0x00003b7e   0x00000002   PAD
    0x00003b80   0x00000020   Data   RO          778    Region$$Table       anon$$obj.o


    Execution Region RW_IRAM1 (Base: 0x10000000, Size: 0x000016d0, Max: 0x00008000, ABSOLUTE, COMPRESSED[0x000000bc])

    Base Addr    Size         Type   Attr      Idx    E Section Name        Object

    0x10000000   0x000003c0   Data   RW            5    .data               main.o
    0x100003c0   0x00000012   Data   RW          101    .data               messaging.o
    0x100003d2   0x00000002   PAD
    0x100003d4   0x00000008   Data   RW          166    .data               user_uart.o
    0x100003dc   0x0000000a   Data   RW          201    .data               ac_motordrivermsg.o
    0x100003e6   0x00000002   PAD
    0x100003e8   0x0000000e   Data   RW          217    .data               messaging_pc.o
    0x100003f6   0x00000002   PAD
    0x100003f8   0x00000004   Data   RW          552    .data               system_lpc17xx.o
    0x100003fc   0x00000234   Zero   RW            4    .bss                main.o
    0x10000630   0x000002f0   Zero   RW          100    .bss                messaging.o
    0x10000920   0x00000850   Zero   RW          165    .bss                user_uart.o
    0x10001170   0x0000000a   Zero   RW          200    .bss                ac_motordrivermsg.o
    0x1000117a   0x00000002   PAD
    0x1000117c   0x000002f0   Zero   RW          216    .bss                messaging_pc.o
    0x1000146c   0x00000060   Zero   RW          655    .bss                c_w.l(libspace.o)
    0x100014cc   0x00000004   PAD
    0x100014d0   0x00000000   Zero   RW          540    HEAP                startup_lpc17xx.o
    0x100014d0   0x00000200   Zero   RW          539    STACK               startup_lpc17xx.o


==============================================================================

Image component sizes


      Code (inc. data)   RO Data    RW Data    ZI Data      Debug   Object Name

       368         14          0         10         10       2516   ac_motordrivermsg.o
       336         32          0          0          0       1727   lpc17xx_clkpwr.o
      1060         62          0          0          0       8179   lpc17xx_gpio.o
         4          0          0          0          0        695   lpc17xx_libcfg_default.o
       256          4          0          0          0       2069   lpc17xx_pinsel.o
      1640         66          0          0          0       5143   lpc17xx_timer.o
      3656        104          0          0          0      10241   lpc17xx_uart.o
      2860        452          0        960        564      75258   main.o
       672         52          0         18        752       4072   messaging.o
       532         42          0         14        752       3749   messaging_pc.o
        64         26        204          0        512        900   startup_lpc17xx.o
       792         78          0          4          0        989   system_lpc17xx.o
       460         14          0          0          0      26434   user_gpio.o
      1652         46          0          8       2128      28473   user_uart.o

    ----------------------------------------------------------------------
     14352        992        236       1020       4720     170445   Object Totals
         0          0         32          0          0          0   (incl. Generated)
         0          0          0          6          2          0   (incl. Padding)

    ----------------------------------------------------------------------

      Code (inc. data)   RO Data    RW Data    ZI Data      Debug   Library Member Name

        90          0          0          0          0          0   __dczerorl2.o
         8          0          0          0          0         68   __main.o
        52          8          0          0          0          0   __scatter.o
        28          0          0          0          0          0   __scatter_zi.o
        12          0          0          0          0         72   exit.o
         6          0          0          0          0        152   heapauxi.o
         0          0          0          0          0          0   indicate_semi.o
         2          0          0          0          0          0   libinit.o
         2          0          0          0          0          0   libinit2.o
         2          0          0          0          0          0   libshutdown.o
         2          0          0          0          0          0   libshutdown2.o
         8          4          0          0         96         68   libspace.o
       238          0          0          0          0        100   lludivv7m.o
       100          0          0          0          0         80   rt_memcpy_w.o
         0          0          0          0          0          0   rtentry.o
        12          0          0          0          0          0   rtentry2.o
         6          0          0          0          0          0   rtentry4.o
         2          0          0          0          0          0   rtexit.o
        10          0          0          0          0          0   rtexit2.o
        12          4          0          0          0         68   sys_exit.o
        74          0          0          0          0         80   sys_stackheap_outer.o
         2          0          0          0          0         68   use_no_semi.o

    ----------------------------------------------------------------------
       676         16          0          0        100        756   Library Totals
         8          0          0          0          4          0   (incl. Padding)

    ----------------------------------------------------------------------

      Code (inc. data)   RO Data    RW Data    ZI Data      Debug   Library Name

       668         16          0          0         96        756   c_w.l

    ----------------------------------------------------------------------
       676         16          0          0        100        756   Library Totals

    ----------------------------------------------------------------------

==============================================================================


      Code (inc. data)   RO Data    RW Data    ZI Data      Debug   

     15028       1008        236       1020       4820     169797   Grand Totals
     15028       1008        236        188       4820     169797   ELF Image Totals (compressed)
     15028       1008        236        188          0          0   ROM Totals

==============================================================================

    Total RO  Size (Code + RO Data)                15264 (  14.91kB)
    Total RW  Size (RW Data + ZI Data)              5840 (   5.70kB)
    Total ROM Size (Code + RO Data + RW Data)      15452 (  15.09kB)

==============================================================================

